
Allocating common symbols
Common symbol       size              file

TLS                 0x4               obj/kernel.o
mt_int_level        0x4               obj/irq.o
mt_last_task        0x4               obj/kernel.o
curr_time           0x10              obj/rtc.o
mt_fpu_task         0x4               obj/kernel.o
mt_curr_task        0x4               obj/kernel.o

Discarded input sections

 .note.GNU-stack
                0x0000000000000000        0x0 obj/prodcons.o
 .note.GNU-stack
                0x0000000000000000        0x0 obj/xfilo.o
 .note.GNU-stack
                0x0000000000000000        0x0 obj/setkb.o
 .note.GNU-stack
                0x0000000000000000        0x0 obj/events.o
 .note.GNU-stack
                0x0000000000000000        0x0 obj/disk.o
 .note.GNU-stack
                0x0000000000000000        0x0 obj/peluqueria.o
 .note.GNU-stack
                0x0000000000000000        0x0 obj/filo.o
 .note.GNU-stack
                0x0000000000000000        0x0 obj/afilo.o
 .note.GNU-stack
                0x0000000000000000        0x0 obj/sfilo.o
 .note.GNU-stack
                0x0000000000000000        0x0 obj/ts.o
 .note.GNU-stack
                0x0000000000000000        0x0 obj/shell.o
 .note.GNU-stack
                0x0000000000000000        0x0 obj/camino_ns.o
 .note.GNU-stack
                0x0000000000000000        0x0 obj/camino.o
 .note.GNU-stack
                0x0000000000000000        0x0 obj/divz.o
 .note.GNU-stack
                0x0000000000000000        0x0 obj/test.o
 .note.GNU-stack
                0x0000000000000000        0x0 obj/kill.o
 .note.GNU-stack
                0x0000000000000000        0x0 obj/rtc.o
 .note.GNU-stack
                0x0000000000000000        0x0 obj/mutex.o
 .note.GNU-stack
                0x0000000000000000        0x0 obj/monitor.o
 .note.GNU-stack
                0x0000000000000000        0x0 obj/sem.o
 .note.GNU-stack
                0x0000000000000000        0x0 obj/msgqueue.o
 .note.GNU-stack
                0x0000000000000000        0x0 obj/pipe.o
 .note.GNU-stack
                0x0000000000000000        0x0 obj/kernel.o
 .note.GNU-stack
                0x0000000000000000        0x0 obj/math.o
 .note.GNU-stack
                0x0000000000000000        0x0 obj/queue.o
 .note.GNU-stack
                0x0000000000000000        0x0 obj/gdt_idt.o
 .note.GNU-stack
                0x0000000000000000        0x0 obj/irq.o
 .note.GNU-stack
                0x0000000000000000        0x0 obj/printk.o
 .note.GNU-stack
                0x0000000000000000        0x0 obj/getch.o
 .note.GNU-stack
                0x0000000000000000        0x0 obj/getline.o
 .note.GNU-stack
                0x0000000000000000        0x0 obj/split.o
 .note.GNU-stack
                0x0000000000000000        0x0 obj/atoi.o
 .note.GNU-stack
                0x0000000000000000        0x0 obj/rand.o
 .note.GNU-stack
                0x0000000000000000        0x0 obj/sprintf.o
 .note.GNU-stack
                0x0000000000000000        0x0 obj/malloc.o
 .note.GNU-stack
                0x0000000000000000        0x0 obj/strtol.o
 .note.GNU-stack
                0x0000000000000000        0x0 obj/states.o
 .note.GNU-stack
                0x0000000000000000        0x0 obj/string.o
 .note.GNU-stack
                0x0000000000000000        0x0 obj/cons.o
 .note.GNU-stack
                0x0000000000000000        0x0 obj/input.o
 .note.GNU-stack
                0x0000000000000000        0x0 obj/drivers.o
 .note.GNU-stack
                0x0000000000000000        0x0 obj/ide.o
 .note.GNU-stack
                0x0000000000000000        0x0 obj/timer.o
 .note.GNU-stack
                0x0000000000000000        0x0 obj/ps2.o

Memory Configuration

Name             Origin             Length             Attributes
*default*        0x0000000000000000 0xffffffffffffffff

Linker script and memory map

Address of section .text-segment set to 0x100000
LOAD obj/kstart.o
LOAD obj/prodcons.o
LOAD obj/xfilo.o
LOAD obj/setkb.o
LOAD obj/events.o
LOAD obj/disk.o
LOAD obj/peluqueria.o
LOAD obj/filo.o
LOAD obj/afilo.o
LOAD obj/sfilo.o
LOAD obj/ts.o
LOAD obj/shell.o
LOAD obj/camino_ns.o
LOAD obj/camino.o
LOAD obj/divz.o
LOAD obj/test.o
LOAD obj/kill.o
LOAD obj/rtc.o
LOAD obj/mutex.o
LOAD obj/monitor.o
LOAD obj/sem.o
LOAD obj/msgqueue.o
LOAD obj/pipe.o
LOAD obj/kernel.o
LOAD obj/math.o
LOAD obj/libasm.o
LOAD obj/queue.o
LOAD obj/gdt_idt.o
LOAD obj/interrupts.o
LOAD obj/irq.o
LOAD obj/io.o
LOAD obj/printk.o
LOAD obj/getch.o
LOAD obj/getline.o
LOAD obj/split.o
LOAD obj/atoi.o
LOAD obj/rand.o
LOAD obj/sprintf.o
LOAD obj/malloc.o
LOAD obj/strtol.o
LOAD obj/states.o
LOAD obj/string.o
LOAD obj/cons.o
LOAD obj/input.o
LOAD obj/drivers.o
LOAD obj/ide.o
LOAD obj/timer.o
LOAD obj/ps2.o
                0x0000000000100000                PROVIDE (__executable_start, 0x100000)
                0x00000000001000d4                . = (0x100000 + SIZEOF_HEADERS)

.interp
 *(.interp)

.note.gnu.build-id
                0x00000000001000d4       0x24
 *(.note.gnu.build-id)
 .note.gnu.build-id
                0x00000000001000d4       0x24 obj/kstart.o

.hash
 *(.hash)

.gnu.hash
 *(.gnu.hash)

.dynsym
 *(.dynsym)

.dynstr
 *(.dynstr)

.gnu.version
 *(.gnu.version)

.gnu.version_d
 *(.gnu.version_d)

.gnu.version_r
 *(.gnu.version_r)

.rel.dyn        0x00000000001000f8        0x0
 *(.rel.init)
 *(.rel.text .rel.text.* .rel.gnu.linkonce.t.*)
 .rel.text      0x0000000000000000        0x0 obj/kstart.o
 *(.rel.fini)
 *(.rel.rodata .rel.rodata.* .rel.gnu.linkonce.r.*)
 *(.rel.data.rel.ro* .rel.gnu.linkonce.d.rel.ro.*)
 *(.rel.data .rel.data.* .rel.gnu.linkonce.d.*)
 .rel.data      0x0000000000000000        0x0 obj/kstart.o
 *(.rel.tdata .rel.tdata.* .rel.gnu.linkonce.td.*)
 *(.rel.tbss .rel.tbss.* .rel.gnu.linkonce.tb.*)
 *(.rel.ctors)
 *(.rel.dtors)
 *(.rel.got)
 *(.rel.bss .rel.bss.* .rel.gnu.linkonce.b.*)
 *(.rel.ifunc)

.rel.plt        0x00000000001000f8        0x0
 *(.rel.plt)
                0x00000000001000f8                PROVIDE (__rel_iplt_start, .)
 *(.rel.iplt)
 .rel.iplt      0x0000000000000000        0x0 obj/kstart.o
                0x00000000001000f8                PROVIDE (__rel_iplt_end, .)

.init
 *(.init)

.plt            0x0000000000100100        0x0
 *(.plt)
 *(.iplt)
 .iplt          0x0000000000000000        0x0 obj/kstart.o

.text           0x0000000000100100     0xd2fa
 *(.text.unlikely .text.*_unlikely)
 *(.text.exit .text.exit.*)
 *(.text.startup .text.startup.*)
 *(.text.hot .text.hot.*)
 *(.text .stub .text.* .gnu.linkonce.t.*)
 .text          0x0000000000100100       0x1a obj/kstart.o
                0x000000000010010c                _start
 *fill*         0x000000000010011a        0x2 90909090
 .text          0x000000000010011c      0x571 obj/prodcons.o
                0x00000000001003d9                prodcons_main
 *fill*         0x000000000010068d        0x3 90909090
 .text          0x0000000000100690      0x67d obj/xfilo.o
                0x0000000000100b28                extra_phil_main
 *fill*         0x0000000000100d0d        0x3 90909090
 .text          0x0000000000100d10       0xee obj/setkb.o
                0x0000000000100d10                setkb_main
 *fill*         0x0000000000100dfe        0x2 90909090
 .text          0x0000000000100e00      0x17a obj/events.o
                0x0000000000100e00                events_main
 *fill*         0x0000000000100f7a        0x2 90909090
 .text          0x0000000000100f7c      0x182 obj/disk.o
                0x00000000001010d3                disk_main
 *fill*         0x00000000001010fe        0x2 90909090
 .text          0x0000000000101100      0x84f obj/peluqueria.o
                0x0000000000101663                peluqueria_main
 *fill*         0x000000000010194f        0x1 90909090
 .text          0x0000000000101950      0x61b obj/filo.o
                0x0000000000101d86                phil_main
 *fill*         0x0000000000101f6b        0x1 90909090
 .text          0x0000000000101f6c      0x5e0 obj/afilo.o
                0x00000000001023da                atomic_phil_main
 .text          0x000000000010254c      0x57a obj/sfilo.o
                0x000000000010290b                simple_phil_main
 *fill*         0x0000000000102ac6        0x2 90909090
 .text          0x0000000000102ac8      0x360 obj/ts.o
                0x0000000000102b7c                ts_main
 .text          0x0000000000102e28      0x798 obj/shell.o
                0x0000000000102f2c                shell_main
 .text          0x00000000001035c0      0xb2b obj/camino_ns.o
                0x0000000000103f39                camino_ns_main
 *fill*         0x00000000001040eb        0x1 90909090
 .text          0x00000000001040ec      0x97a obj/camino.o
                0x0000000000104891                camino_main
 *fill*         0x0000000000104a66        0x2 90909090
 .text          0x0000000000104a68       0xf6 obj/divz.o
                0x0000000000104aa7                divz_main
 *fill*         0x0000000000104b5e        0x2 90909090
 .text          0x0000000000104b60       0x19 obj/test.o
                0x0000000000104b60                test_main
 *fill*         0x0000000000104b79        0x3 90909090
 .text          0x0000000000104b7c      0x12f obj/kill.o
                0x0000000000104b7c                kill_main
 *fill*         0x0000000000104cab        0x1 90909090
 .text          0x0000000000104cac      0x92b obj/rtc.o
                0x0000000000104cac                get_update_in_progress_flag
                0x0000000000104cd9                get_RTC_register
                0x0000000000104d00                set_RTC_register
                0x0000000000104d35                read_rtc
                0x000000000010507b                print_date
                0x0000000000105114                set_date
                0x0000000000105258                toBCD
                0x00000000001052a5                set_time
                0x0000000000105347                calendar
                0x0000000000105465                month_first_date
 *fill*         0x00000000001055d7        0x1 90909090
 .text          0x00000000001055d8      0x18e obj/mutex.o
                0x00000000001055d8                CreateMutex
                0x0000000000105602                DeleteMutex
                0x000000000010563b                EnterMutex
                0x0000000000105656                EnterMutexCond
                0x0000000000105671                EnterMutexTimed
                0x00000000001056ec                LeaveMutex
 *fill*         0x0000000000105766        0x2 90909090
 .text          0x0000000000105768      0x336 obj/monitor.o
                0x0000000000105768                CreateMonitor
                0x0000000000105792                DeleteMonitor
                0x00000000001057cb                EnterMonitor
                0x00000000001057e6                EnterMonitorCond
                0x0000000000105801                EnterMonitorTimed
                0x0000000000105877                LeaveMonitor
                0x00000000001058c4                CreateCondition
                0x00000000001058f7                DeleteCondition
                0x0000000000105930                WaitCondition
                0x000000000010594b                WaitConditionTimed
                0x00000000001059dc                SignalCondition
                0x0000000000105a3d                BroadcastCondition
 *fill*         0x0000000000105a9e        0x2 90909090
 .text          0x0000000000105aa0      0x1a7 obj/sem.o
                0x0000000000105aa0                CreateSem
                0x0000000000105ad3                DeleteSem
                0x0000000000105b26                WaitSem
                0x0000000000105b41                WaitSemCond
                0x0000000000105b5c                WaitSemTimed
                0x0000000000105bbe                SignalSem
                0x0000000000105bfe                ValueSem
                0x0000000000105c09                FlushSem
 *fill*         0x0000000000105c47        0x1 90909090
 .text          0x0000000000105c48      0x33e obj/msgqueue.o
                0x0000000000105c48                CreateMsgQueue
                0x0000000000105d56                DeleteMsgQueue
                0x0000000000105da0                GetMsgQueue
                0x0000000000105dc2                GetMsgQueueCond
                0x0000000000105de4                GetMsgQueueTimed
                0x0000000000105e88                PutMsgQueue
                0x0000000000105eaa                PutMsgQueueCond
                0x0000000000105ecc                PutMsgQueueTimed
                0x0000000000105f70                AvailMsgQueue
 *fill*         0x0000000000105f86        0x2 90909090
 .text          0x0000000000105f88      0x533 obj/pipe.o
                0x0000000000105f88                CreatePipe
                0x0000000000106085                DeletePipe
                0x00000000001060d0                GetPipe
                0x00000000001060f9                GetPipeCond
                0x0000000000106122                GetPipeTimed
                0x00000000001062b9                PutPipe
                0x00000000001062e2                PutPipeCond
                0x000000000010630b                PutPipeTimed
                0x00000000001064b0                AvailPipe
 *fill*         0x00000000001064bb        0x1 90909090
 .text          0x00000000001064bc     0x1967 obj/kernel.o
                0x00000000001064bc                mt_main
                0x0000000000106787                mt_select_task
                0x0000000000106bdd                CreateTask
                0x0000000000106cb1                DeleteTask
                0x0000000000106d59                Protect
                0x0000000000106d86                Attach
                0x0000000000106dfa                Detach
                0x0000000000106e74                SetPriority
                0x0000000000106f0d                SetConsole
                0x0000000000106f86                SetSaveRestore
                0x0000000000106fd2                SetCleanup
                0x0000000000107008                GetInfo
                0x00000000001070df                GetTasks
                0x0000000000107147                Ready
                0x00000000001071a9                Suspend
                0x0000000000107215                CurrentTask
                0x000000000010721f                Pause
                0x0000000000107234                Yield
                0x0000000000107249                Delay
                0x00000000001072c5                UDelay
                0x00000000001072f1                Join
                0x0000000000107313                JoinCond
                0x0000000000107335                JoinTimed
                0x0000000000107452                Exit
                0x00000000001075f2                Panic
                0x000000000010769a                Atomic
                0x00000000001076ad                Unatomic
                0x00000000001076f5                SetInts
                0x0000000000107727                CreateQueue
                0x0000000000107751                DeleteQueue
                0x0000000000107784                WaitQueue
                0x000000000010779f                WaitQueueTimed
                0x000000000010782d                SignalQueue
                0x000000000010787e                FlushQueue
                0x00000000001078dc                Send
                0x0000000000107905                SendCond
                0x000000000010792e                SendTimed
                0x0000000000107ab6                Receive
                0x0000000000107adf                ReceiveCond
                0x0000000000107b08                ReceiveTimed
                0x0000000000107d0e                GetName
                0x0000000000107d25                Time
                0x0000000000107d45                Malloc
                0x0000000000107d99                StrDup
                0x0000000000107dfd                Free
 *fill*         0x0000000000107e23        0x1 90909090
 .text          0x0000000000107e24       0x95 obj/math.o
                0x0000000000107e9d                mt_setup_math
 *fill*         0x0000000000107eb9        0x3 90909090
 .text          0x0000000000107ebc       0x70 obj/libasm.o
                0x0000000000107ebc                mt_load_gdt
                0x0000000000107ed9                mt_load_idt
                0x0000000000107ee1                mt_context_switch
                0x0000000000107f02                mt_sti
                0x0000000000107f04                mt_cli
                0x0000000000107f06                mt_flags
                0x0000000000107f09                mt_finit
                0x0000000000107f0d                mt_fsave
                0x0000000000107f15                mt_frstor
                0x0000000000107f1d                mt_stts
                0x0000000000107f27                mt_clts
                0x0000000000107f2a                mt_hlt
 .text          0x0000000000107f2c      0x3f9 obj/queue.o
                0x0000000000107f2c                mt_enqueue
                0x0000000000108012                mt_dequeue
                0x000000000010809a                mt_peeklast
                0x00000000001080a5                mt_getlast
                0x0000000000108115                mt_enqueue_time
                0x0000000000108213                mt_dequeue_time
                0x00000000001082af                mt_peekfirst_time
                0x00000000001082b9                mt_getfirst_time
 *fill*         0x0000000000108325        0x3 90909090
 .text          0x0000000000108328       0xfb obj/gdt_idt.o
                0x0000000000108411                mt_setup_gdt_idt
 *fill*         0x0000000000108423        0xd 90909090
 .text          0x0000000000108430      0x356 obj/interrupts.o
                0x0000000000108430                mt_int_stubs
 *fill*         0x0000000000108786        0x2 90909090
 .text          0x0000000000108788      0x375 obj/irq.o
                0x00000000001088eb                mt_int_handler
                0x0000000000108946                mt_setup_interrupts
                0x0000000000108995                mt_set_int_handler
                0x00000000001089b4                mt_set_exception_handler
                0x00000000001089d3                mt_disable_irq
                0x0000000000108a66                mt_enable_irq
 *fill*         0x0000000000108afd        0x3 90909090
 .text          0x0000000000108b00       0x48 obj/io.o
                0x0000000000108b00                inb
                0x0000000000108b0b                outb
                0x0000000000108b18                inw
                0x0000000000108b24                outw
                0x0000000000108b32                inl
                0x0000000000108b3b                outl
 .text          0x0000000000108b48      0x15e obj/printk.o
                0x0000000000108b48                vprintk
                0x0000000000108bbd                printk
                0x0000000000108bef                print0
                0x0000000000108c44                cprintk
 *fill*         0x0000000000108ca6        0x2 90909090
 .text          0x0000000000108ca8       0x76 obj/getch.o
                0x0000000000108ca8                getch
                0x0000000000108ccd                getch_cond
                0x0000000000108cf2                getch_timed
 *fill*         0x0000000000108d1e        0x2 90909090
 .text          0x0000000000108d20      0x20a obj/getline.o
                0x0000000000108d6d                getline
 *fill*         0x0000000000108f2a        0x2 90909090
 .text          0x0000000000108f2c      0x333 obj/split.o
                0x0000000000108f81                setfs
                0x0000000000108fa9                split
                0x000000000010914b                separate
 *fill*         0x000000000010925f        0x1 90909090
 .text          0x0000000000109260       0xa6 obj/atoi.o
                0x0000000000109260                atoi
 *fill*         0x0000000000109306        0x2 90909090
 .text          0x0000000000109308       0xb0 obj/rand.o
                0x0000000000109397                rand
                0x00000000001093ab                srand
 .text          0x00000000001093b8     0x153a obj/sprintf.o
                0x00000000001096ab                ecvtbuf
                0x00000000001096ee                fcvtbuf
                0x000000000010a3aa                vsprintf
                0x000000000010a8c3                sprintf
 *fill*         0x000000000010a8f2        0x2 90909090
 .text          0x000000000010a8f4      0x1db obj/malloc.o
                0x000000000010a8f4                mt_setup_heap
                0x000000000010a958                free
                0x000000000010aa2f                malloc
 *fill*         0x000000000010aacf        0x1 90909090
 .text          0x000000000010aad0      0x468 obj/strtol.o
                0x000000000010ab80                strtol
                0x000000000010ad6c                strtoul
 .text          0x000000000010af38       0x20 obj/states.o
                0x000000000010af38                statename
 .text          0x000000000010af58      0x3d5 obj/string.o
                0x000000000010af58                strcpy
                0x000000000010af8f                strncpy
                0x000000000010afd3                strcat
                0x000000000010b022                strncat
                0x000000000010b07a                strcmp
                0x000000000010b0b7                strncmp
                0x000000000010b103                strchr
                0x000000000010b140                strrchr
                0x000000000010b17f                strlen
                0x000000000010b1b3                strnlen
                0x000000000010b1ed                memcpy
                0x000000000010b23c                memmove
                0x000000000010b2ba                memchr
                0x000000000010b2fc                memset
 *fill*         0x000000000010b32d        0x3 90909090
 .text          0x000000000010b330      0x9ba obj/cons.o
                0x000000000010b72d                mt_cons_init
                0x000000000010b787                mt_cons_clear
                0x000000000010b7ec                mt_cons_clreol
                0x000000000010b871                mt_cons_clreom
                0x000000000010b8e4                mt_cons_nrows
                0x000000000010b8ee                mt_cons_ncols
                0x000000000010b8f8                mt_cons_nscrolls
                0x000000000010b905                mt_cons_getxy
                0x000000000010b941                mt_cons_gotoxy
                0x000000000010b98a                mt_cons_setattr
                0x000000000010b9b0                mt_cons_getattr
                0x000000000010b9fc                mt_cons_cursor
                0x000000000010ba41                mt_cons_putc
                0x000000000010bade                mt_cons_puts
                0x000000000010bb21                mt_cons_cr
                0x000000000010bb54                mt_cons_nl
                0x000000000010bb9d                mt_cons_tab
                0x000000000010bbf3                mt_cons_bs
                0x000000000010bc5c                mt_cons_raw
                0x000000000010bc97                mt_cons_setfocus
                0x000000000010bcb6                mt_cons_setcurrent
                0x000000000010bcc8                mt_cons_set0
 *fill*         0x000000000010bcea        0x2 90909090
 .text          0x000000000010bcec      0x2c5 obj/input.o
                0x000000000010bcec                mt_input_init
                0x000000000010bdb4                mt_input_put
                0x000000000010bdd0                mt_input_get
                0x000000000010bdec                mt_input_get_cond
                0x000000000010be08                mt_input_get_timed
                0x000000000010be2b                mt_kbd_putch
                0x000000000010be4d                mt_kbd_puts
                0x000000000010beb7                mt_kbd_getch
                0x000000000010bed3                mt_kbd_getch_cond
                0x000000000010beef                mt_kbd_getch_timed
                0x000000000010bf12                mt_input_setfocus
                0x000000000010bf65                mt_input_setcurrent
 *fill*         0x000000000010bfb1        0x3 90909090
 .text          0x000000000010bfb4       0x1c obj/drivers.o
                0x000000000010bfb4                mt_init_drivers
 .text          0x000000000010bfd0      0xb17 obj/ide.o
                0x000000000010c913                mt_ide_init
                0x000000000010ca01                mt_ide_read
                0x000000000010ca31                mt_ide_write
                0x000000000010ca61                mt_ide_model
                0x000000000010caa4                mt_ide_capacity
 *fill*         0x000000000010cae7        0x1 90909090
 .text          0x000000000010cae8       0x69 obj/timer.o
                0x000000000010cae8                mt_setup_timer
 *fill*         0x000000000010cb51        0x3 90909090
 .text          0x000000000010cb54      0x8a6 obj/ps2.o
                0x000000000010d253                mt_ps2_init
                0x000000000010d385                mt_ps2_getlayout
                0x000000000010d38f                mt_ps2_setlayout
                0x000000000010d3f0                mt_ps2_layouts
 *(.gnu.warning)

.fini
 *(.fini)
                0x000000000010d3fa                PROVIDE (__etext, .)
                0x000000000010d3fa                PROVIDE (_etext, .)
                0x000000000010d3fa                PROVIDE (etext, .)

.rodata         0x000000000010d400     0x10ce
 *(.rodata .rodata.* .gnu.linkonce.r.*)
 .rodata        0x000000000010d400       0xac obj/prodcons.o
 .rodata        0x000000000010d4ac       0x69 obj/xfilo.o
 *fill*         0x000000000010d515        0x3 00
 .rodata        0x000000000010d518       0x62 obj/setkb.o
 .rodata        0x000000000010d57a       0x69 obj/events.o
 *fill*         0x000000000010d5e3        0x1 00
 .rodata        0x000000000010d5e4       0xe6 obj/disk.o
 *fill*         0x000000000010d6ca        0x2 00
 .rodata        0x000000000010d6cc      0x157 obj/peluqueria.o
 *fill*         0x000000000010d823        0x1 00
 .rodata        0x000000000010d824       0x69 obj/filo.o
 *fill*         0x000000000010d88d        0x3 00
 .rodata        0x000000000010d890       0x57 obj/afilo.o
 *fill*         0x000000000010d8e7        0x1 00
 .rodata        0x000000000010d8e8       0x69 obj/sfilo.o
 *fill*         0x000000000010d951        0x3 00
 .rodata        0x000000000010d954       0xde obj/ts.o
 *fill*         0x000000000010da32        0x2 00
 .rodata        0x000000000010da34      0x171 obj/shell.o
 *fill*         0x000000000010dba5        0x3 00
 .rodata        0x000000000010dba8       0xa0 obj/camino_ns.o
 .rodata        0x000000000010dc48       0x88 obj/camino.o
 .rodata        0x000000000010dcd0       0x6b obj/divz.o
 .rodata        0x000000000010dd3b        0xc obj/test.o
 .rodata        0x000000000010dd47       0x4b obj/kill.o
 *fill*         0x000000000010dd92        0x2 00
 .rodata        0x000000000010dd94       0xa0 obj/rtc.o
 .rodata        0x000000000010de34       0x2a obj/mutex.o
 *fill*         0x000000000010de5e        0x2 00
 .rodata        0x000000000010de60      0x10b obj/monitor.o
 *fill*         0x000000000010df6b        0x1 00
 .rodata        0x000000000010df6c       0x32 obj/msgqueue.o
 .rodata        0x000000000010df9e        0xe obj/pipe.o
 .rodata        0x000000000010dfac      0x286 obj/kernel.o
 *fill*         0x000000000010e232        0x2 00
 .rodata        0x000000000010e234       0x3f obj/irq.o
 .rodata        0x000000000010e273        0xf obj/getline.o
 .rodata        0x000000000010e282        0x1 obj/split.o
 *fill*         0x000000000010e283        0x5 00
 .rodata        0x000000000010e288      0x188 obj/sprintf.o
 .rodata        0x000000000010e410       0x4d obj/states.o
 .rodata        0x000000000010e45d       0x1e obj/input.o
 .rodata        0x000000000010e47b       0x1e obj/ide.o
 .rodata        0x000000000010e499       0x35 obj/ps2.o

.rodata1
 *(.rodata1)

.eh_frame_hdr   0x000000000010e4d0      0xc04
 *(.eh_frame_hdr)
 .eh_frame_hdr  0x000000000010e4d0      0xc04 obj/prodcons.o

.eh_frame       0x000000000010f0d4     0x31d8
 *(.eh_frame)
 .eh_frame      0x000000000010f0d4      0x134 obj/prodcons.o
 .eh_frame      0x000000000010f208      0x19c obj/xfilo.o
                                        0x1b4 (size before relaxing)
 .eh_frame      0x000000000010f3a4       0x20 obj/setkb.o
                                         0x38 (size before relaxing)
 .eh_frame      0x000000000010f3c4       0x28 obj/events.o
                                         0x40 (size before relaxing)
 .eh_frame      0x000000000010f3ec       0x40 obj/disk.o
                                         0x58 (size before relaxing)
 .eh_frame      0x000000000010f42c      0x1a8 obj/peluqueria.o
                                        0x1c0 (size before relaxing)
 .eh_frame      0x000000000010f5d4      0x19c obj/filo.o
                                        0x1b4 (size before relaxing)
 .eh_frame      0x000000000010f770      0x19c obj/afilo.o
                                        0x1b4 (size before relaxing)
 .eh_frame      0x000000000010f90c      0x178 obj/sfilo.o
                                        0x190 (size before relaxing)
 .eh_frame      0x000000000010fa84       0x6c obj/ts.o
                                         0x84 (size before relaxing)
 .eh_frame      0x000000000010faf0       0xa8 obj/shell.o
                                         0xc0 (size before relaxing)
 .eh_frame      0x000000000010fb98      0x1a8 obj/camino_ns.o
                                        0x1c0 (size before relaxing)
 .eh_frame      0x000000000010fd40      0x1e8 obj/camino.o
                                        0x200 (size before relaxing)
 .eh_frame      0x000000000010ff28       0x60 obj/divz.o
                                         0x78 (size before relaxing)
 .eh_frame      0x000000000010ff88       0x20 obj/test.o
                                         0x38 (size before relaxing)
 .eh_frame      0x000000000010ffa8       0x20 obj/kill.o
                                         0x38 (size before relaxing)
 .eh_frame      0x000000000010ffc8      0x158 obj/rtc.o
                                        0x170 (size before relaxing)
 .eh_frame      0x0000000000110120       0xc0 obj/mutex.o
                                         0xd8 (size before relaxing)
 .eh_frame      0x00000000001101e0      0x18c obj/monitor.o
                                        0x1a4 (size before relaxing)
 .eh_frame      0x000000000011036c      0x100 obj/sem.o
                                        0x118 (size before relaxing)
 .eh_frame      0x000000000011046c      0x120 obj/msgqueue.o
                                        0x138 (size before relaxing)
 .eh_frame      0x000000000011058c      0x130 obj/pipe.o
                                        0x148 (size before relaxing)
 .eh_frame      0x00000000001106bc      0x758 obj/kernel.o
                                        0x770 (size before relaxing)
 .eh_frame      0x0000000000110e14       0x44 obj/math.o
                                         0x5c (size before relaxing)
 .eh_frame      0x0000000000110e58      0x100 obj/queue.o
                                        0x118 (size before relaxing)
 .eh_frame      0x0000000000110f58       0x60 obj/gdt_idt.o
                                         0x78 (size before relaxing)
 .eh_frame      0x0000000000110fb8      0x150 obj/irq.o
                                        0x168 (size before relaxing)
 .eh_frame      0x0000000000111108       0x80 obj/printk.o
                                         0x98 (size before relaxing)
 .eh_frame      0x0000000000111188       0x60 obj/getch.o
                                         0x78 (size before relaxing)
 .eh_frame      0x00000000001111e8       0x40 obj/getline.o
                                         0x58 (size before relaxing)
 .eh_frame      0x0000000000111228       0xc0 obj/split.o
                                         0xd8 (size before relaxing)
 .eh_frame      0x00000000001112e8       0x24 obj/atoi.o
                                         0x3c (size before relaxing)
 .eh_frame      0x000000000011130c       0x60 obj/rand.o
                                         0x78 (size before relaxing)
 .eh_frame      0x000000000011136c      0x1d8 obj/sprintf.o
                                        0x1f0 (size before relaxing)
 .eh_frame      0x0000000000111544       0x60 obj/malloc.o
                                         0x78 (size before relaxing)
 .eh_frame      0x00000000001115a4       0xe0 obj/strtol.o
                                         0xf8 (size before relaxing)
 .eh_frame      0x0000000000111684       0x20 obj/states.o
                                         0x38 (size before relaxing)
 .eh_frame      0x00000000001116a4      0x264 obj/string.o
                                        0x27c (size before relaxing)
 .eh_frame      0x0000000000111908      0x40c obj/cons.o
                                        0x424 (size before relaxing)
 .eh_frame      0x0000000000111d14      0x180 obj/input.o
                                        0x198 (size before relaxing)
 .eh_frame      0x0000000000111e94       0x20 obj/drivers.o
                                         0x38 (size before relaxing)
 .eh_frame      0x0000000000111eb4      0x1e0 obj/ide.o
                                        0x1f8 (size before relaxing)
 .eh_frame      0x0000000000112094       0x20 obj/timer.o
                                         0x38 (size before relaxing)
 .eh_frame      0x00000000001120b4      0x1f8 obj/ps2.o
                                        0x210 (size before relaxing)

.gcc_except_table
 *(.gcc_except_table .gcc_except_table.*)

.exception_ranges
 *(.exception_ranges .exception_ranges*)
                0x00000000001122ac                . = (ALIGN (0x1000) - ((0x1000 - .) & 0xfff))
                0x0000000000113ff4                . = DATA_SEGMENT_ALIGN (0x1000, 0x1000)

.eh_frame
 *(.eh_frame)

.gcc_except_table
 *(.gcc_except_table .gcc_except_table.*)

.exception_ranges
 *(.exception_ranges .exception_ranges*)

.tdata
 *(.tdata .tdata.* .gnu.linkonce.td.*)

.tbss
 *(.tbss .tbss.* .gnu.linkonce.tb.*)
 *(.tcommon)

.preinit_array  0x0000000000113ff4        0x0
                0x0000000000113ff4                PROVIDE (__preinit_array_start, .)
 *(.preinit_array)
                0x0000000000113ff4                PROVIDE (__preinit_array_end, .)

.init_array     0x0000000000113ff4        0x0
                0x0000000000113ff4                PROVIDE (__init_array_start, .)
 *(SORT(.init_array.*) SORT(.ctors.*))
 *(.init_array)
 *(EXCLUDE_FILE(*crtend?.o *crtend.o *crtbegin?.o *crtbegin.o) .ctors)
                0x0000000000113ff4                PROVIDE (__init_array_end, .)

.fini_array     0x0000000000113ff4        0x0
                0x0000000000113ff4                PROVIDE (__fini_array_start, .)
 *(SORT(.fini_array.*) SORT(.dtors.*))
 *(.fini_array)
 *(EXCLUDE_FILE(*crtend?.o *crtend.o *crtbegin?.o *crtbegin.o) .dtors)
                0x0000000000113ff4                PROVIDE (__fini_array_end, .)

.ctors
 *crtbegin.o(.ctors)
 *crtbegin?.o(.ctors)
 *(EXCLUDE_FILE(*crtend?.o *crtend.o) .ctors)
 *(SORT(.ctors.*))
 *(.ctors)

.dtors
 *crtbegin.o(.dtors)
 *crtbegin?.o(.dtors)
 *(EXCLUDE_FILE(*crtend?.o *crtend.o) .dtors)
 *(SORT(.dtors.*))
 *(.dtors)

.jcr
 *(.jcr)

.data.rel.ro
 *(.data.rel.ro.local* .gnu.linkonce.d.rel.ro.local.*)
 *(.data.rel.ro* .gnu.linkonce.d.rel.ro.*)

.dynamic
 *(.dynamic)

.got
 *(.got)
 *(.igot)
                0x0000000000113ff4                . = DATA_SEGMENT_RELRO_END (., 0xc)

.got.plt        0x0000000000113ff4        0x0
 *(.got.plt)
 *(.igot.plt)
 .igot.plt      0x0000000000000000        0x0 obj/kstart.o

.data           0x0000000000114000     0x10e4
 *(.data .data.* .gnu.linkonce.d.*)
 .data          0x0000000000114000        0x0 obj/kstart.o
 .data          0x0000000000114000        0x0 obj/prodcons.o
 .data          0x0000000000114000       0x50 obj/xfilo.o
 .data          0x0000000000114050        0x0 obj/setkb.o
 .data          0x0000000000114050        0x0 obj/events.o
 .data          0x0000000000114050        0x0 obj/disk.o
 .data          0x0000000000114050        0x0 obj/peluqueria.o
 *fill*         0x0000000000114050       0x10 00
 .data          0x0000000000114060       0x50 obj/filo.o
 *fill*         0x00000000001140b0       0x10 00
 .data          0x00000000001140c0       0x50 obj/afilo.o
 *fill*         0x0000000000114110       0x10 00
 .data          0x0000000000114120       0x50 obj/sfilo.o
 .data          0x0000000000114170        0x8 obj/ts.o
 *fill*         0x0000000000114178        0x8 00
 .data          0x0000000000114180       0xf0 obj/shell.o
 .data          0x0000000000114270        0x4 obj/camino_ns.o
 .data          0x0000000000114274        0x4 obj/camino.o
 .data          0x0000000000114278        0x0 obj/divz.o
 .data          0x0000000000114278        0x0 obj/test.o
 .data          0x0000000000114278        0x0 obj/kill.o
 .data          0x0000000000114278        0x4 obj/rtc.o
                0x0000000000114278                first
 .data          0x000000000011427c        0x0 obj/mutex.o
 .data          0x000000000011427c        0x0 obj/monitor.o
 .data          0x000000000011427c        0x0 obj/sem.o
 .data          0x000000000011427c        0x0 obj/msgqueue.o
 .data          0x000000000011427c        0x0 obj/pipe.o
 .data          0x000000000011427c        0x0 obj/kernel.o
 .data          0x000000000011427c        0x0 obj/math.o
 .data          0x000000000011427c        0x0 obj/libasm.o
 .data          0x000000000011427c        0x0 obj/queue.o
 .data          0x000000000011427c       0x18 obj/gdt_idt.o
 .data          0x0000000000114294        0x0 obj/interrupts.o
 .data          0x0000000000114294        0x0 obj/irq.o
 .data          0x0000000000114294        0x0 obj/io.o
 .data          0x0000000000114294        0x0 obj/printk.o
 .data          0x0000000000114294        0x0 obj/getch.o
 .data          0x0000000000114294        0x0 obj/getline.o
 .data          0x0000000000114294        0xc obj/split.o
 .data          0x00000000001142a0        0x0 obj/atoi.o
 .data          0x00000000001142a0        0x4 obj/rand.o
 .data          0x00000000001142a4        0x8 obj/sprintf.o
 .data          0x00000000001142ac        0x0 obj/malloc.o
 .data          0x00000000001142ac        0x0 obj/strtol.o
 *fill*         0x00000000001142ac       0x14 00
 .data          0x00000000001142c0       0x28 obj/states.o
 .data          0x00000000001142e8        0x0 obj/string.o
 .data          0x00000000001142e8       0x20 obj/cons.o
 .data          0x0000000000114308        0x0 obj/input.o
 .data          0x0000000000114308        0x0 obj/drivers.o
 *fill*         0x0000000000114308       0x18 00
 .data          0x0000000000114320      0x1a0 obj/ide.o
 .data          0x00000000001144c0        0x0 obj/timer.o
 .data          0x00000000001144c0      0xc24 obj/ps2.o
                0x00000000001144c0                keymap_spanish
                0x0000000000114ac0                keymap_us_std

.data1
 *(.data1)
                0x00000000001150e4                _edata = .
                0x00000000001150e4                PROVIDE (edata, .)
                0x00000000001150e4                __bss_start = .

.bss            0x0000000000115100     0x84f4
 *(.dynbss)
 *(.bss .bss.* .gnu.linkonce.b.*)
 .bss           0x0000000000115100     0x4000 obj/kstart.o
 .bss           0x0000000000119100        0x0 obj/prodcons.o
 .bss           0x0000000000119100        0x0 obj/xfilo.o
 .bss           0x0000000000119100        0x0 obj/setkb.o
 .bss           0x0000000000119100        0x0 obj/events.o
 .bss           0x0000000000119100        0x0 obj/disk.o
 .bss           0x0000000000119100        0x0 obj/peluqueria.o
 .bss           0x0000000000119100        0x0 obj/filo.o
 .bss           0x0000000000119100        0x0 obj/afilo.o
 .bss           0x0000000000119100        0x0 obj/sfilo.o
 .bss           0x0000000000119100        0x0 obj/ts.o
 .bss           0x0000000000119100        0x0 obj/shell.o
 .bss           0x0000000000119100        0x4 obj/camino_ns.o
 .bss           0x0000000000119104        0x4 obj/camino.o
 .bss           0x0000000000119108        0x0 obj/divz.o
 .bss           0x0000000000119108        0x0 obj/test.o
 .bss           0x0000000000119108        0x0 obj/kill.o
 .bss           0x0000000000119108        0x4 obj/rtc.o
 .bss           0x000000000011910c        0x0 obj/mutex.o
 .bss           0x000000000011910c        0x0 obj/monitor.o
 .bss           0x000000000011910c        0x0 obj/sem.o
 .bss           0x000000000011910c        0x0 obj/msgqueue.o
 .bss           0x000000000011910c        0x0 obj/pipe.o
 *fill*         0x000000000011910c        0x4 00
 .bss           0x0000000000119110       0x30 obj/kernel.o
 .bss           0x0000000000119140        0x0 obj/math.o
 .bss           0x0000000000119140        0x4 obj/libasm.o
 .bss           0x0000000000119144        0xc obj/queue.o
 *fill*         0x0000000000119150       0x10 00
 .bss           0x0000000000119160      0x180 obj/gdt_idt.o
 .bss           0x00000000001192e0     0x400c obj/interrupts.o
 *fill*         0x000000000011d2ec       0x14 00
 .bss           0x000000000011d300       0xc0 obj/irq.o
 .bss           0x000000000011d3c0        0x0 obj/io.o
 .bss           0x000000000011d3c0        0x0 obj/printk.o
 .bss           0x000000000011d3c0        0x0 obj/getch.o
 .bss           0x000000000011d3c0        0x0 obj/getline.o
 .bss           0x000000000011d3c0        0x0 obj/split.o
 .bss           0x000000000011d3c0        0x0 obj/atoi.o
 .bss           0x000000000011d3c0        0x0 obj/rand.o
 .bss           0x000000000011d3c0        0x0 obj/sprintf.o
 .bss           0x000000000011d3c0        0xc obj/malloc.o
 .bss           0x000000000011d3cc        0x0 obj/strtol.o
 .bss           0x000000000011d3cc        0x0 obj/states.o
 .bss           0x000000000011d3cc        0x0 obj/string.o
 *fill*         0x000000000011d3cc       0x14 00
 .bss           0x000000000011d3e0      0x104 obj/cons.o
 *fill*         0x000000000011d4e4       0x1c 00
 .bss           0x000000000011d500       0x7c obj/input.o
 .bss           0x000000000011d57c        0x0 obj/drivers.o
 .bss           0x000000000011d57c        0x0 obj/ide.o
 .bss           0x000000000011d57c        0x0 obj/timer.o
 .bss           0x000000000011d57c       0x54 obj/ps2.o
 *(COMMON)
 COMMON         0x000000000011d5d0       0x10 obj/rtc.o
                0x000000000011d5d0                curr_time
 COMMON         0x000000000011d5e0       0x10 obj/kernel.o
                0x000000000011d5e0                TLS
                0x000000000011d5e4                mt_last_task
                0x000000000011d5e8                mt_fpu_task
                0x000000000011d5ec                mt_curr_task
 COMMON         0x000000000011d5f0        0x4 obj/irq.o
                0x000000000011d5f0                mt_int_level
                0x000000000011d5f4                . = ALIGN ((. != 0x0)?0x4:0x1)
                0x000000000011d5f4                . = ALIGN (0x4)
                0x000000000011d5f4                . = ALIGN (0x4)
                0x000000000011d5f4                _end = .
                0x000000000011d5f4                PROVIDE (end, .)
                0x000000000011d5f4                . = DATA_SEGMENT_END (.)

.stab
 *(.stab)

.stabstr
 *(.stabstr)

.stab.excl
 *(.stab.excl)

.stab.exclstr
 *(.stab.exclstr)

.stab.index
 *(.stab.index)

.stab.indexstr
 *(.stab.indexstr)

.comment        0x0000000000000000       0x2a
 *(.comment)
 .comment       0x0000000000000000       0x2a obj/prodcons.o
                                         0x2b (size before relaxing)
 .comment       0x0000000000000000       0x2b obj/xfilo.o
 .comment       0x0000000000000000       0x2b obj/setkb.o
 .comment       0x0000000000000000       0x2b obj/events.o
 .comment       0x0000000000000000       0x2b obj/disk.o
 .comment       0x0000000000000000       0x2b obj/peluqueria.o
 .comment       0x0000000000000000       0x2b obj/filo.o
 .comment       0x0000000000000000       0x2b obj/afilo.o
 .comment       0x0000000000000000       0x2b obj/sfilo.o
 .comment       0x0000000000000000       0x2b obj/ts.o
 .comment       0x0000000000000000       0x2b obj/shell.o
 .comment       0x0000000000000000       0x2b obj/camino_ns.o
 .comment       0x0000000000000000       0x2b obj/camino.o
 .comment       0x0000000000000000       0x2b obj/divz.o
 .comment       0x0000000000000000       0x2b obj/test.o
 .comment       0x0000000000000000       0x2b obj/kill.o
 .comment       0x0000000000000000       0x2b obj/rtc.o
 .comment       0x0000000000000000       0x2b obj/mutex.o
 .comment       0x0000000000000000       0x2b obj/monitor.o
 .comment       0x0000000000000000       0x2b obj/sem.o
 .comment       0x0000000000000000       0x2b obj/msgqueue.o
 .comment       0x0000000000000000       0x2b obj/pipe.o
 .comment       0x0000000000000000       0x2b obj/kernel.o
 .comment       0x0000000000000000       0x2b obj/math.o
 .comment       0x0000000000000000       0x2b obj/queue.o
 .comment       0x0000000000000000       0x2b obj/gdt_idt.o
 .comment       0x0000000000000000       0x2b obj/irq.o
 .comment       0x0000000000000000       0x2b obj/printk.o
 .comment       0x0000000000000000       0x2b obj/getch.o
 .comment       0x0000000000000000       0x2b obj/getline.o
 .comment       0x0000000000000000       0x2b obj/split.o
 .comment       0x0000000000000000       0x2b obj/atoi.o
 .comment       0x0000000000000000       0x2b obj/rand.o
 .comment       0x0000000000000000       0x2b obj/sprintf.o
 .comment       0x0000000000000000       0x2b obj/malloc.o
 .comment       0x0000000000000000       0x2b obj/strtol.o
 .comment       0x0000000000000000       0x2b obj/states.o
 .comment       0x0000000000000000       0x2b obj/string.o
 .comment       0x0000000000000000       0x2b obj/cons.o
 .comment       0x0000000000000000       0x2b obj/input.o
 .comment       0x0000000000000000       0x2b obj/drivers.o
 .comment       0x0000000000000000       0x2b obj/ide.o
 .comment       0x0000000000000000       0x2b obj/timer.o
 .comment       0x0000000000000000       0x2b obj/ps2.o

.debug
 *(.debug)

.line
 *(.line)

.debug_srcinfo
 *(.debug_srcinfo)

.debug_sfnames
 *(.debug_sfnames)

.debug_aranges
 *(.debug_aranges)

.debug_pubnames
 *(.debug_pubnames)

.debug_info
 *(.debug_info .gnu.linkonce.wi.*)

.debug_abbrev
 *(.debug_abbrev)

.debug_line
 *(.debug_line)

.debug_frame
 *(.debug_frame)

.debug_str
 *(.debug_str)

.debug_loc
 *(.debug_loc)

.debug_macinfo
 *(.debug_macinfo)

.debug_weaknames
 *(.debug_weaknames)

.debug_funcnames
 *(.debug_funcnames)

.debug_typenames
 *(.debug_typenames)

.debug_varnames
 *(.debug_varnames)

.debug_pubtypes
 *(.debug_pubtypes)

.debug_ranges
 *(.debug_ranges)

.gnu.attributes
 *(.gnu.attributes)

/DISCARD/
 *(.note.GNU-stack)
 *(.gnu_debuglink)
 *(.gnu.lto_*)
OUTPUT(mtask elf32-i386)
