
Allocating common symbols
Common symbol       size              file

TLS                 0x4               obj/kernel.o
first_alarm         0x4               obj/rtc.o
mt_int_level        0x4               obj/irq.o
mt_last_task        0x4               obj/kernel.o
curr_time           0x14              obj/rtc.o
mt_fpu_task         0x4               obj/kernel.o
mt_curr_task        0x4               obj/kernel.o
cons                0x4               obj/rtc.o

Discarded input sections

 .note.GNU-stack
                0x0000000000000000        0x0 obj/prodcons.o
 .note.GNU-stack
                0x0000000000000000        0x0 obj/xfilo.o
 .note.GNU-stack
                0x0000000000000000        0x0 obj/setkb.o
 .note.GNU-stack
                0x0000000000000000        0x0 obj/events.o
 .note.GNU-stack
                0x0000000000000000        0x0 obj/disk.o
 .note.GNU-stack
                0x0000000000000000        0x0 obj/peluqueria.o
 .note.GNU-stack
                0x0000000000000000        0x0 obj/filo.o
 .note.GNU-stack
                0x0000000000000000        0x0 obj/afilo.o
 .note.GNU-stack
                0x0000000000000000        0x0 obj/sfilo.o
 .note.GNU-stack
                0x0000000000000000        0x0 obj/ts.o
 .note.GNU-stack
                0x0000000000000000        0x0 obj/shell.o
 .note.GNU-stack
                0x0000000000000000        0x0 obj/camino_ns.o
 .note.GNU-stack
                0x0000000000000000        0x0 obj/camino.o
 .note.GNU-stack
                0x0000000000000000        0x0 obj/divz.o
 .note.GNU-stack
                0x0000000000000000        0x0 obj/test.o
 .note.GNU-stack
                0x0000000000000000        0x0 obj/kill.o
 .note.GNU-stack
                0x0000000000000000        0x0 obj/rtc.o
 .note.GNU-stack
                0x0000000000000000        0x0 obj/mutex.o
 .note.GNU-stack
                0x0000000000000000        0x0 obj/monitor.o
 .note.GNU-stack
                0x0000000000000000        0x0 obj/sem.o
 .note.GNU-stack
                0x0000000000000000        0x0 obj/msgqueue.o
 .note.GNU-stack
                0x0000000000000000        0x0 obj/pipe.o
 .note.GNU-stack
                0x0000000000000000        0x0 obj/kernel.o
 .note.GNU-stack
                0x0000000000000000        0x0 obj/math.o
 .note.GNU-stack
                0x0000000000000000        0x0 obj/queue.o
 .note.GNU-stack
                0x0000000000000000        0x0 obj/gdt_idt.o
 .note.GNU-stack
                0x0000000000000000        0x0 obj/irq.o
 .note.GNU-stack
                0x0000000000000000        0x0 obj/list_ADT.o
 .note.GNU-stack
                0x0000000000000000        0x0 obj/printk.o
 .note.GNU-stack
                0x0000000000000000        0x0 obj/getch.o
 .note.GNU-stack
                0x0000000000000000        0x0 obj/getline.o
 .note.GNU-stack
                0x0000000000000000        0x0 obj/split.o
 .note.GNU-stack
                0x0000000000000000        0x0 obj/atoi.o
 .note.GNU-stack
                0x0000000000000000        0x0 obj/rand.o
 .note.GNU-stack
                0x0000000000000000        0x0 obj/sprintf.o
 .note.GNU-stack
                0x0000000000000000        0x0 obj/malloc.o
 .note.GNU-stack
                0x0000000000000000        0x0 obj/strtol.o
 .note.GNU-stack
                0x0000000000000000        0x0 obj/states.o
 .note.GNU-stack
                0x0000000000000000        0x0 obj/string.o
 .note.GNU-stack
                0x0000000000000000        0x0 obj/cons.o
 .note.GNU-stack
                0x0000000000000000        0x0 obj/input.o
 .note.GNU-stack
                0x0000000000000000        0x0 obj/drivers.o
 .note.GNU-stack
                0x0000000000000000        0x0 obj/ide.o
 .note.GNU-stack
                0x0000000000000000        0x0 obj/timer.o
 .note.GNU-stack
                0x0000000000000000        0x0 obj/ps2.o

Memory Configuration

Name             Origin             Length             Attributes
*default*        0x0000000000000000 0xffffffffffffffff

Linker script and memory map

Address of section .text-segment set to 0x100000
LOAD obj/kstart.o
LOAD obj/prodcons.o
LOAD obj/xfilo.o
LOAD obj/setkb.o
LOAD obj/events.o
LOAD obj/disk.o
LOAD obj/peluqueria.o
LOAD obj/filo.o
LOAD obj/afilo.o
LOAD obj/sfilo.o
LOAD obj/ts.o
LOAD obj/shell.o
LOAD obj/camino_ns.o
LOAD obj/camino.o
LOAD obj/divz.o
LOAD obj/test.o
LOAD obj/kill.o
LOAD obj/rtc.o
LOAD obj/mutex.o
LOAD obj/monitor.o
LOAD obj/sem.o
LOAD obj/msgqueue.o
LOAD obj/pipe.o
LOAD obj/kernel.o
LOAD obj/math.o
LOAD obj/libasm.o
LOAD obj/queue.o
LOAD obj/gdt_idt.o
LOAD obj/interrupts.o
LOAD obj/irq.o
LOAD obj/list_ADT.o
LOAD obj/io.o
LOAD obj/printk.o
LOAD obj/getch.o
LOAD obj/getline.o
LOAD obj/split.o
LOAD obj/atoi.o
LOAD obj/rand.o
LOAD obj/sprintf.o
LOAD obj/malloc.o
LOAD obj/strtol.o
LOAD obj/states.o
LOAD obj/string.o
LOAD obj/cons.o
LOAD obj/input.o
LOAD obj/drivers.o
LOAD obj/ide.o
LOAD obj/timer.o
LOAD obj/ps2.o
                0x0000000000100000                PROVIDE (__executable_start, 0x100000)
                0x00000000001000d4                . = (0x100000 + SIZEOF_HEADERS)

.interp
 *(.interp)

.note.gnu.build-id
                0x00000000001000d4       0x24
 *(.note.gnu.build-id)
 .note.gnu.build-id
                0x00000000001000d4       0x24 obj/kstart.o

.hash
 *(.hash)

.gnu.hash
 *(.gnu.hash)

.dynsym
 *(.dynsym)

.dynstr
 *(.dynstr)

.gnu.version
 *(.gnu.version)

.gnu.version_d
 *(.gnu.version_d)

.gnu.version_r
 *(.gnu.version_r)

.rel.dyn        0x00000000001000f8        0x0
 *(.rel.init)
 *(.rel.text .rel.text.* .rel.gnu.linkonce.t.*)
 .rel.text      0x0000000000000000        0x0 obj/kstart.o
 *(.rel.fini)
 *(.rel.rodata .rel.rodata.* .rel.gnu.linkonce.r.*)
 *(.rel.data.rel.ro* .rel.gnu.linkonce.d.rel.ro.*)
 *(.rel.data .rel.data.* .rel.gnu.linkonce.d.*)
 .rel.data      0x0000000000000000        0x0 obj/kstart.o
 *(.rel.tdata .rel.tdata.* .rel.gnu.linkonce.td.*)
 *(.rel.tbss .rel.tbss.* .rel.gnu.linkonce.tb.*)
 *(.rel.ctors)
 *(.rel.dtors)
 *(.rel.got)
 *(.rel.bss .rel.bss.* .rel.gnu.linkonce.b.*)
 *(.rel.ifunc)

.rel.plt        0x00000000001000f8        0x0
 *(.rel.plt)
                0x00000000001000f8                PROVIDE (__rel_iplt_start, .)
 *(.rel.iplt)
 .rel.iplt      0x0000000000000000        0x0 obj/kstart.o
                0x00000000001000f8                PROVIDE (__rel_iplt_end, .)

.init
 *(.init)

.plt            0x0000000000100100        0x0
 *(.plt)
 *(.iplt)
 .iplt          0x0000000000000000        0x0 obj/kstart.o

.text           0x0000000000100100     0xdaf8
 *(.text.unlikely .text.*_unlikely)
 *(.text.exit .text.exit.*)
 *(.text.startup .text.startup.*)
 *(.text.hot .text.hot.*)
 *(.text .stub .text.* .gnu.linkonce.t.*)
 .text          0x0000000000100100       0x1a obj/kstart.o
                0x000000000010010c                _start
 .text          0x000000000010011a      0x571 obj/prodcons.o
                0x00000000001003d7                prodcons_main
 .text          0x000000000010068b      0x679 obj/xfilo.o
                0x0000000000100b1f                extra_phil_main
 .text          0x0000000000100d04       0xf0 obj/setkb.o
                0x0000000000100d04                setkb_main
 .text          0x0000000000100df4      0x17c obj/events.o
                0x0000000000100df4                events_main
 .text          0x0000000000100f70      0x180 obj/disk.o
                0x00000000001010c5                disk_main
 .text          0x00000000001010f0      0x840 obj/peluqueria.o
                0x0000000000101647                peluqueria_main
 .text          0x0000000000101930      0x617 obj/filo.o
                0x0000000000101d62                phil_main
 .text          0x0000000000101f47      0x5dc obj/afilo.o
                0x00000000001023b1                atomic_phil_main
 .text          0x0000000000102523      0x576 obj/sfilo.o
                0x00000000001028de                simple_phil_main
 .text          0x0000000000102a99      0x361 obj/ts.o
                0x0000000000102b4d                ts_main
 *fill*         0x0000000000102dfa        0x2 90909090
 .text          0x0000000000102dfc      0x79a obj/shell.o
                0x0000000000102f00                shell_main
 .text          0x0000000000103596      0xb13 obj/camino_ns.o
                0x0000000000103ef7                camino_ns_main
 .text          0x00000000001040a9      0x96b obj/camino.o
                0x000000000010483f                camino_main
 .text          0x0000000000104a14       0xf2 obj/divz.o
                0x0000000000104a4f                divz_main
 .text          0x0000000000104b06       0x19 obj/test.o
                0x0000000000104b06                test_main
 .text          0x0000000000104b1f      0x12a obj/kill.o
                0x0000000000104b1f                kill_main
 *fill*         0x0000000000104c49        0x3 90909090
 .text          0x0000000000104c4c      0xe35 obj/rtc.o
                0x0000000000104c4c                get_update_in_progress_flag
                0x0000000000104c79                get_RTC_register
                0x0000000000104ca0                set_RTC_register
                0x0000000000104cd5                read_rtc
                0x0000000000104fa4                print_date
                0x0000000000105055                set_date
                0x000000000010519e                toBCD
                0x00000000001051eb                fromBCD
                0x000000000010520e                set_time
                0x00000000001052b0                calendar
                0x000000000010532d                run_calendar
                0x00000000001054f3                day_of_the_week
                0x0000000000105634                first_day_month
                0x0000000000105663                days_in_month
                0x00000000001056ea                cron
                0x0000000000105902                compAlarm
                0x0000000000105a13                is_leap_year
 .text          0x0000000000105a81      0x18e obj/mutex.o
                0x0000000000105a81                CreateMutex
                0x0000000000105aab                DeleteMutex
                0x0000000000105ae4                EnterMutex
                0x0000000000105aff                EnterMutexCond
                0x0000000000105b1a                EnterMutexTimed
                0x0000000000105b95                LeaveMutex
 .text          0x0000000000105c0f      0x336 obj/monitor.o
                0x0000000000105c0f                CreateMonitor
                0x0000000000105c39                DeleteMonitor
                0x0000000000105c72                EnterMonitor
                0x0000000000105c8d                EnterMonitorCond
                0x0000000000105ca8                EnterMonitorTimed
                0x0000000000105d1e                LeaveMonitor
                0x0000000000105d6b                CreateCondition
                0x0000000000105d9e                DeleteCondition
                0x0000000000105dd7                WaitCondition
                0x0000000000105df2                WaitConditionTimed
                0x0000000000105e83                SignalCondition
                0x0000000000105ee4                BroadcastCondition
 .text          0x0000000000105f45      0x1a7 obj/sem.o
                0x0000000000105f45                CreateSem
                0x0000000000105f78                DeleteSem
                0x0000000000105fcb                WaitSem
                0x0000000000105fe6                WaitSemCond
                0x0000000000106001                WaitSemTimed
                0x0000000000106063                SignalSem
                0x00000000001060a3                ValueSem
                0x00000000001060ae                FlushSem
 .text          0x00000000001060ec      0x33e obj/msgqueue.o
                0x00000000001060ec                CreateMsgQueue
                0x00000000001061fa                DeleteMsgQueue
                0x0000000000106244                GetMsgQueue
                0x0000000000106266                GetMsgQueueCond
                0x0000000000106288                GetMsgQueueTimed
                0x000000000010632c                PutMsgQueue
                0x000000000010634e                PutMsgQueueCond
                0x0000000000106370                PutMsgQueueTimed
                0x0000000000106414                AvailMsgQueue
 .text          0x000000000010642a      0x533 obj/pipe.o
                0x000000000010642a                CreatePipe
                0x0000000000106527                DeletePipe
                0x0000000000106572                GetPipe
                0x000000000010659b                GetPipeCond
                0x00000000001065c4                GetPipeTimed
                0x000000000010675b                PutPipe
                0x0000000000106784                PutPipeCond
                0x00000000001067ad                PutPipeTimed
                0x0000000000106952                AvailPipe
 *fill*         0x000000000010695d        0x3 90909090
 .text          0x0000000000106960     0x1967 obj/kernel.o
                0x0000000000106960                mt_main
                0x0000000000106c2b                mt_select_task
                0x0000000000107081                CreateTask
                0x0000000000107155                DeleteTask
                0x00000000001071fd                Protect
                0x000000000010722a                Attach
                0x000000000010729e                Detach
                0x0000000000107318                SetPriority
                0x00000000001073b1                SetConsole
                0x000000000010742a                SetSaveRestore
                0x0000000000107476                SetCleanup
                0x00000000001074ac                GetInfo
                0x0000000000107583                GetTasks
                0x00000000001075eb                Ready
                0x000000000010764d                Suspend
                0x00000000001076b9                CurrentTask
                0x00000000001076c3                Pause
                0x00000000001076d8                Yield
                0x00000000001076ed                Delay
                0x0000000000107769                UDelay
                0x0000000000107795                Join
                0x00000000001077b7                JoinCond
                0x00000000001077d9                JoinTimed
                0x00000000001078f6                Exit
                0x0000000000107a96                Panic
                0x0000000000107b3e                Atomic
                0x0000000000107b51                Unatomic
                0x0000000000107b99                SetInts
                0x0000000000107bcb                CreateQueue
                0x0000000000107bf5                DeleteQueue
                0x0000000000107c28                WaitQueue
                0x0000000000107c43                WaitQueueTimed
                0x0000000000107cd1                SignalQueue
                0x0000000000107d22                FlushQueue
                0x0000000000107d80                Send
                0x0000000000107da9                SendCond
                0x0000000000107dd2                SendTimed
                0x0000000000107f5a                Receive
                0x0000000000107f83                ReceiveCond
                0x0000000000107fac                ReceiveTimed
                0x00000000001081b2                GetName
                0x00000000001081c9                Time
                0x00000000001081e9                Malloc
                0x000000000010823d                StrDup
                0x00000000001082a1                Free
 .text          0x00000000001082c7       0x95 obj/math.o
                0x0000000000108340                mt_setup_math
 .text          0x000000000010835c       0x70 obj/libasm.o
                0x000000000010835c                mt_load_gdt
                0x0000000000108379                mt_load_idt
                0x0000000000108381                mt_context_switch
                0x00000000001083a2                mt_sti
                0x00000000001083a4                mt_cli
                0x00000000001083a6                mt_flags
                0x00000000001083a9                mt_finit
                0x00000000001083ad                mt_fsave
                0x00000000001083b5                mt_frstor
                0x00000000001083bd                mt_stts
                0x00000000001083c7                mt_clts
                0x00000000001083ca                mt_hlt
 .text          0x00000000001083cc      0x3f6 obj/queue.o
                0x00000000001083cc                mt_enqueue
                0x00000000001084b2                mt_dequeue
                0x0000000000108539                mt_peeklast
                0x0000000000108544                mt_getlast
                0x00000000001085b4                mt_enqueue_time
                0x00000000001086b2                mt_dequeue_time
                0x000000000010874c                mt_peekfirst_time
                0x0000000000108756                mt_getfirst_time
 .text          0x00000000001087c2       0xfb obj/gdt_idt.o
                0x00000000001088ab                mt_setup_gdt_idt
 *fill*         0x00000000001088bd        0x3 90909090
 .text          0x00000000001088c0      0x356 obj/interrupts.o
                0x00000000001088c0                mt_int_stubs
 .text          0x0000000000108c16      0x369 obj/irq.o
                0x0000000000108d79                mt_int_handler
                0x0000000000108dd4                mt_setup_interrupts
                0x0000000000108e23                mt_set_int_handler
                0x0000000000108e42                mt_set_exception_handler
                0x0000000000108e61                mt_disable_irq
                0x0000000000108eee                mt_enable_irq
 *fill*         0x0000000000108f7f        0x1 90909090
 .text          0x0000000000108f80      0x3b0 obj/list_ADT.o
                0x0000000000108f80                NewList
                0x0000000000108fd3                ListIsEmpty
                0x0000000000108fe6                ToBegin
                0x0000000000108ff7                NextElement
                0x0000000000109061                ElementBelongs
                0x00000000001091b1                Insert
                0x000000000010929d                Delete
                0x00000000001092da                Size
                0x00000000001092e5                FreeList
 .text          0x0000000000109330       0x48 obj/io.o
                0x0000000000109330                inb
                0x000000000010933b                outb
                0x0000000000109348                inw
                0x0000000000109354                outw
                0x0000000000109362                inl
                0x000000000010936b                outl
 .text          0x0000000000109378      0x15a obj/printk.o
                0x0000000000109378                vprintk
                0x00000000001093ef                printk
                0x000000000010941f                print0
                0x0000000000109472                cprintk
 .text          0x00000000001094d2       0x76 obj/getch.o
                0x00000000001094d2                getch
                0x00000000001094f7                getch_cond
                0x000000000010951c                getch_timed
 .text          0x0000000000109548      0x209 obj/getline.o
                0x0000000000109595                getline
 .text          0x0000000000109751      0x34e obj/split.o
                0x00000000001097a6                setfs
                0x00000000001097ce                split
                0x000000000010997b                separate
 .text          0x0000000000109a9f       0xa1 obj/atoi.o
                0x0000000000109a9f                atoi
 .text          0x0000000000109b40       0xae obj/rand.o
                0x0000000000109bcd                rand
                0x0000000000109be1                srand
 .text          0x0000000000109bee     0x1582 obj/sprintf.o
                0x0000000000109eda                ecvtbuf
                0x0000000000109f1d                fcvtbuf
                0x000000000010ac20                vsprintf
                0x000000000010b143                sprintf
 .text          0x000000000010b170      0x1e3 obj/malloc.o
                0x000000000010b170                mt_setup_heap
                0x000000000010b1d2                free
                0x000000000010b2b3                malloc
 .text          0x000000000010b353      0x471 obj/strtol.o
                0x000000000010b403                strtol
                0x000000000010b5f2                strtoul
 .text          0x000000000010b7c4       0x20 obj/states.o
                0x000000000010b7c4                statename
 .text          0x000000000010b7e4      0x36a obj/string.o
                0x000000000010b7e4                strcpy
                0x000000000010b817                strncpy
                0x000000000010b859                strcat
                0x000000000010b89e                strncat
                0x000000000010b8ec                strcmp
                0x000000000010b929                strncmp
                0x000000000010b971                strchr
                0x000000000010b9a4                strrchr
                0x000000000010b9df                strlen
                0x000000000010ba0b                strnlen
                0x000000000010ba39                memcpy
                0x000000000010ba7e                memmove
                0x000000000010baeb                memchr
                0x000000000010bb29                memset
 .text          0x000000000010bb4e      0x9b5 obj/cons.o
                0x000000000010bf45                mt_cons_init
                0x000000000010bf9f                mt_cons_clear
                0x000000000010c006                mt_cons_clreol
                0x000000000010c08c                mt_cons_clreom
                0x000000000010c100                mt_cons_nrows
                0x000000000010c10a                mt_cons_ncols
                0x000000000010c114                mt_cons_nscrolls
                0x000000000010c121                mt_cons_getxy
                0x000000000010c15d                mt_cons_gotoxy
                0x000000000010c1a6                mt_cons_setattr
                0x000000000010c1c9                mt_cons_getattr
                0x000000000010c215                mt_cons_cursor
                0x000000000010c25a                mt_cons_putc
                0x000000000010c2f7                mt_cons_puts
                0x000000000010c33c                mt_cons_cr
                0x000000000010c36f                mt_cons_nl
                0x000000000010c3b8                mt_cons_tab
                0x000000000010c40c                mt_cons_bs
                0x000000000010c475                mt_cons_raw
                0x000000000010c4b0                mt_cons_setfocus
                0x000000000010c4cf                mt_cons_setcurrent
                0x000000000010c4e1                mt_cons_set0
 .text          0x000000000010c503      0x2c2 obj/input.o
                0x000000000010c503                mt_input_init
                0x000000000010c5cb                mt_input_put
                0x000000000010c5e7                mt_input_get
                0x000000000010c603                mt_input_get_cond
                0x000000000010c61f                mt_input_get_timed
                0x000000000010c642                mt_kbd_putch
                0x000000000010c664                mt_kbd_puts
                0x000000000010c6cc                mt_kbd_getch
                0x000000000010c6e8                mt_kbd_getch_cond
                0x000000000010c704                mt_kbd_getch_timed
                0x000000000010c727                mt_input_setfocus
                0x000000000010c77a                mt_input_setcurrent
 .text          0x000000000010c7c5       0x1c obj/drivers.o
                0x000000000010c7c5                mt_init_drivers
 .text          0x000000000010c7e1      0xb10 obj/ide.o
                0x000000000010d11d                mt_ide_init
                0x000000000010d20b                mt_ide_read
                0x000000000010d23b                mt_ide_write
                0x000000000010d26b                mt_ide_model
                0x000000000010d2ae                mt_ide_capacity
 .text          0x000000000010d2f1       0x63 obj/timer.o
                0x000000000010d2f1                mt_setup_timer
 .text          0x000000000010d354      0x8a4 obj/ps2.o
                0x000000000010da51                mt_ps2_init
                0x000000000010db83                mt_ps2_getlayout
                0x000000000010db8d                mt_ps2_setlayout
                0x000000000010dbee                mt_ps2_layouts
 *(.gnu.warning)

.fini
 *(.fini)
                0x000000000010dbf8                PROVIDE (__etext, .)
                0x000000000010dbf8                PROVIDE (_etext, .)
                0x000000000010dbf8                PROVIDE (etext, .)

.rodata         0x000000000010dbf8     0x1189
 *(.rodata .rodata.* .gnu.linkonce.r.*)
 .rodata        0x000000000010dbf8       0xac obj/prodcons.o
 .rodata        0x000000000010dca4       0x69 obj/xfilo.o
 *fill*         0x000000000010dd0d        0x3 00
 .rodata        0x000000000010dd10       0x62 obj/setkb.o
 .rodata        0x000000000010dd72       0x69 obj/events.o
 *fill*         0x000000000010dddb        0x1 00
 .rodata        0x000000000010dddc       0xe6 obj/disk.o
 *fill*         0x000000000010dec2        0x2 00
 .rodata        0x000000000010dec4      0x157 obj/peluqueria.o
 *fill*         0x000000000010e01b        0x1 00
 .rodata        0x000000000010e01c       0x69 obj/filo.o
 *fill*         0x000000000010e085        0x3 00
 .rodata        0x000000000010e088       0x57 obj/afilo.o
 *fill*         0x000000000010e0df        0x1 00
 .rodata        0x000000000010e0e0       0x69 obj/sfilo.o
 *fill*         0x000000000010e149        0x3 00
 .rodata        0x000000000010e14c       0xde obj/ts.o
 *fill*         0x000000000010e22a        0x2 00
 .rodata        0x000000000010e22c      0x190 obj/shell.o
 .rodata        0x000000000010e3bc       0xa0 obj/camino_ns.o
 .rodata        0x000000000010e45c       0x88 obj/camino.o
 .rodata        0x000000000010e4e4       0x6b obj/divz.o
 .rodata        0x000000000010e54f        0xc obj/test.o
 .rodata        0x000000000010e55b       0x4b obj/kill.o
 *fill*         0x000000000010e5a6        0x2 00
 .rodata        0x000000000010e5a8      0x11f obj/rtc.o
 *fill*         0x000000000010e6c7        0x1 00
 .rodata        0x000000000010e6c8       0x2a obj/mutex.o
 *fill*         0x000000000010e6f2        0x2 00
 .rodata        0x000000000010e6f4      0x10b obj/monitor.o
 *fill*         0x000000000010e7ff        0x1 00
 .rodata        0x000000000010e800       0x32 obj/msgqueue.o
 .rodata        0x000000000010e832        0xe obj/pipe.o
 .rodata        0x000000000010e840      0x286 obj/kernel.o
 *fill*         0x000000000010eac6        0x2 00
 .rodata        0x000000000010eac8       0x3f obj/irq.o
 .rodata        0x000000000010eb07       0x1d obj/list_ADT.o
 .rodata        0x000000000010eb24        0xf obj/getline.o
 .rodata        0x000000000010eb33        0x1 obj/split.o
 *fill*         0x000000000010eb34        0x4 00
 .rodata        0x000000000010eb38      0x188 obj/sprintf.o
 .rodata        0x000000000010ecc0       0x50 obj/states.o
 .rodata        0x000000000010ed10       0x1e obj/input.o
 .rodata        0x000000000010ed2e       0x1e obj/ide.o
 .rodata        0x000000000010ed4c       0x35 obj/ps2.o

.rodata1
 *(.rodata1)

.eh_frame_hdr   0x000000000010ed84      0xc94
 *(.eh_frame_hdr)
 .eh_frame_hdr  0x000000000010ed84      0xc94 obj/prodcons.o

.eh_frame       0x000000000010fa18     0x3414
 *(.eh_frame)
 .eh_frame      0x000000000010fa18      0x134 obj/prodcons.o
 .eh_frame      0x000000000010fb4c      0x19c obj/xfilo.o
                                        0x1b4 (size before relaxing)
 .eh_frame      0x000000000010fce8       0x20 obj/setkb.o
                                         0x38 (size before relaxing)
 .eh_frame      0x000000000010fd08       0x28 obj/events.o
                                         0x40 (size before relaxing)
 .eh_frame      0x000000000010fd30       0x40 obj/disk.o
                                         0x58 (size before relaxing)
 .eh_frame      0x000000000010fd70      0x1a4 obj/peluqueria.o
                                        0x1bc (size before relaxing)
 .eh_frame      0x000000000010ff14      0x19c obj/filo.o
                                        0x1b4 (size before relaxing)
 .eh_frame      0x00000000001100b0      0x19c obj/afilo.o
                                        0x1b4 (size before relaxing)
 .eh_frame      0x000000000011024c      0x178 obj/sfilo.o
                                        0x190 (size before relaxing)
 .eh_frame      0x00000000001103c4       0x6c obj/ts.o
                                         0x84 (size before relaxing)
 .eh_frame      0x0000000000110430       0xa8 obj/shell.o
                                         0xc0 (size before relaxing)
 .eh_frame      0x00000000001104d8      0x1a8 obj/camino_ns.o
                                        0x1c0 (size before relaxing)
 .eh_frame      0x0000000000110680      0x1e8 obj/camino.o
                                        0x200 (size before relaxing)
 .eh_frame      0x0000000000110868       0x60 obj/divz.o
                                         0x78 (size before relaxing)
 .eh_frame      0x00000000001108c8       0x20 obj/test.o
                                         0x38 (size before relaxing)
 .eh_frame      0x00000000001108e8       0x20 obj/kill.o
                                         0x38 (size before relaxing)
 .eh_frame      0x0000000000110908      0x248 obj/rtc.o
                                        0x260 (size before relaxing)
 .eh_frame      0x0000000000110b50       0xc0 obj/mutex.o
                                         0xd8 (size before relaxing)
 .eh_frame      0x0000000000110c10      0x18c obj/monitor.o
                                        0x1a4 (size before relaxing)
 .eh_frame      0x0000000000110d9c      0x100 obj/sem.o
                                        0x118 (size before relaxing)
 .eh_frame      0x0000000000110e9c      0x120 obj/msgqueue.o
                                        0x138 (size before relaxing)
 .eh_frame      0x0000000000110fbc      0x130 obj/pipe.o
                                        0x148 (size before relaxing)
 .eh_frame      0x00000000001110ec      0x758 obj/kernel.o
                                        0x770 (size before relaxing)
 .eh_frame      0x0000000000111844       0x44 obj/math.o
                                         0x5c (size before relaxing)
 .eh_frame      0x0000000000111888      0x100 obj/queue.o
                                        0x118 (size before relaxing)
 .eh_frame      0x0000000000111988       0x60 obj/gdt_idt.o
                                         0x78 (size before relaxing)
 .eh_frame      0x00000000001119e8      0x148 obj/irq.o
                                        0x160 (size before relaxing)
 .eh_frame      0x0000000000111b30      0x164 obj/list_ADT.o
                                        0x17c (size before relaxing)
 .eh_frame      0x0000000000111c94       0x80 obj/printk.o
                                         0x98 (size before relaxing)
 .eh_frame      0x0000000000111d14       0x60 obj/getch.o
                                         0x78 (size before relaxing)
 .eh_frame      0x0000000000111d74       0x40 obj/getline.o
                                         0x58 (size before relaxing)
 .eh_frame      0x0000000000111db4       0xc0 obj/split.o
                                         0xd8 (size before relaxing)
 .eh_frame      0x0000000000111e74       0x20 obj/atoi.o
                                         0x38 (size before relaxing)
 .eh_frame      0x0000000000111e94       0x60 obj/rand.o
                                         0x78 (size before relaxing)
 .eh_frame      0x0000000000111ef4      0x1ec obj/sprintf.o
                                        0x204 (size before relaxing)
 .eh_frame      0x00000000001120e0       0x60 obj/malloc.o
                                         0x78 (size before relaxing)
 .eh_frame      0x0000000000112140       0xe0 obj/strtol.o
                                         0xf8 (size before relaxing)
 .eh_frame      0x0000000000112220       0x20 obj/states.o
                                         0x38 (size before relaxing)
 .eh_frame      0x0000000000112240      0x244 obj/string.o
                                        0x25c (size before relaxing)
 .eh_frame      0x0000000000112484      0x408 obj/cons.o
                                        0x420 (size before relaxing)
 .eh_frame      0x000000000011288c      0x180 obj/input.o
                                        0x198 (size before relaxing)
 .eh_frame      0x0000000000112a0c       0x20 obj/drivers.o
                                         0x38 (size before relaxing)
 .eh_frame      0x0000000000112a2c      0x1e8 obj/ide.o
                                        0x200 (size before relaxing)
 .eh_frame      0x0000000000112c14       0x20 obj/timer.o
                                         0x38 (size before relaxing)
 .eh_frame      0x0000000000112c34      0x1f8 obj/ps2.o
                                        0x210 (size before relaxing)

.gcc_except_table
 *(.gcc_except_table .gcc_except_table.*)

.exception_ranges
 *(.exception_ranges .exception_ranges*)
                0x0000000000112e2c                . = (ALIGN (0x1000) - ((0x1000 - .) & 0xfff))
                0x0000000000113ff4                . = DATA_SEGMENT_ALIGN (0x1000, 0x1000)

.eh_frame
 *(.eh_frame)

.gcc_except_table
 *(.gcc_except_table .gcc_except_table.*)

.exception_ranges
 *(.exception_ranges .exception_ranges*)

.tdata
 *(.tdata .tdata.* .gnu.linkonce.td.*)

.tbss
 *(.tbss .tbss.* .gnu.linkonce.tb.*)
 *(.tcommon)

.preinit_array  0x0000000000113ff4        0x0
                0x0000000000113ff4                PROVIDE (__preinit_array_start, .)
 *(.preinit_array)
                0x0000000000113ff4                PROVIDE (__preinit_array_end, .)

.init_array     0x0000000000113ff4        0x0
                0x0000000000113ff4                PROVIDE (__init_array_start, .)
 *(SORT(.init_array.*) SORT(.ctors.*))
 *(.init_array)
 *(EXCLUDE_FILE(*crtend?.o *crtend.o *crtbegin?.o *crtbegin.o) .ctors)
                0x0000000000113ff4                PROVIDE (__init_array_end, .)

.fini_array     0x0000000000113ff4        0x0
                0x0000000000113ff4                PROVIDE (__fini_array_start, .)
 *(SORT(.fini_array.*) SORT(.dtors.*))
 *(.fini_array)
 *(EXCLUDE_FILE(*crtend?.o *crtend.o *crtbegin?.o *crtbegin.o) .dtors)
                0x0000000000113ff4                PROVIDE (__fini_array_end, .)

.ctors
 *crtbegin.o(.ctors)
 *crtbegin?.o(.ctors)
 *(EXCLUDE_FILE(*crtend?.o *crtend.o) .ctors)
 *(SORT(.ctors.*))
 *(.ctors)

.dtors
 *crtbegin.o(.dtors)
 *crtbegin?.o(.dtors)
 *(EXCLUDE_FILE(*crtend?.o *crtend.o) .dtors)
 *(SORT(.dtors.*))
 *(.dtors)

.jcr
 *(.jcr)

.data.rel.ro
 *(.data.rel.ro.local* .gnu.linkonce.d.rel.ro.local.*)
 *(.data.rel.ro* .gnu.linkonce.d.rel.ro.*)

.dynamic
 *(.dynamic)

.got
 *(.got)
 *(.igot)
                0x0000000000113ff4                . = DATA_SEGMENT_RELRO_END (., 0xc)

.got.plt        0x0000000000113ff4        0x0
 *(.got.plt)
 *(.igot.plt)
 .igot.plt      0x0000000000000000        0x0 obj/kstart.o

.data           0x0000000000114000     0x1144
 *(.data .data.* .gnu.linkonce.d.*)
 .data          0x0000000000114000        0x0 obj/kstart.o
 .data          0x0000000000114000        0x0 obj/prodcons.o
 .data          0x0000000000114000       0x50 obj/xfilo.o
 .data          0x0000000000114050        0x0 obj/setkb.o
 .data          0x0000000000114050        0x0 obj/events.o
 .data          0x0000000000114050        0x0 obj/disk.o
 .data          0x0000000000114050        0x0 obj/peluqueria.o
 *fill*         0x0000000000114050       0x10 00
 .data          0x0000000000114060       0x50 obj/filo.o
 *fill*         0x00000000001140b0       0x10 00
 .data          0x00000000001140c0       0x50 obj/afilo.o
 *fill*         0x0000000000114110       0x10 00
 .data          0x0000000000114120       0x50 obj/sfilo.o
 .data          0x0000000000114170        0x8 obj/ts.o
 *fill*         0x0000000000114178        0x8 00
 .data          0x0000000000114180       0xfc obj/shell.o
 .data          0x000000000011427c        0x4 obj/camino_ns.o
 .data          0x0000000000114280        0x4 obj/camino.o
 .data          0x0000000000114284        0x0 obj/divz.o
 .data          0x0000000000114284        0x0 obj/test.o
 .data          0x0000000000114284        0x0 obj/kill.o
 *fill*         0x0000000000114284       0x1c 00
 .data          0x00000000001142a0       0x50 obj/rtc.o
                0x00000000001142a0                first
                0x00000000001142a4                _days
                0x00000000001142c0                _months
 .data          0x00000000001142f0        0x0 obj/mutex.o
 .data          0x00000000001142f0        0x0 obj/monitor.o
 .data          0x00000000001142f0        0x0 obj/sem.o
 .data          0x00000000001142f0        0x0 obj/msgqueue.o
 .data          0x00000000001142f0        0x0 obj/pipe.o
 .data          0x00000000001142f0        0x0 obj/kernel.o
 .data          0x00000000001142f0        0x0 obj/math.o
 .data          0x00000000001142f0        0x0 obj/libasm.o
 .data          0x00000000001142f0        0x0 obj/queue.o
 .data          0x00000000001142f0       0x18 obj/gdt_idt.o
 .data          0x0000000000114308        0x0 obj/interrupts.o
 .data          0x0000000000114308        0x0 obj/irq.o
 .data          0x0000000000114308        0x0 obj/list_ADT.o
 .data          0x0000000000114308        0x0 obj/io.o
 .data          0x0000000000114308        0x0 obj/printk.o
 .data          0x0000000000114308        0x0 obj/getch.o
 .data          0x0000000000114308        0x0 obj/getline.o
 .data          0x0000000000114308        0xc obj/split.o
 .data          0x0000000000114314        0x0 obj/atoi.o
 .data          0x0000000000114314        0x4 obj/rand.o
 .data          0x0000000000114318        0x8 obj/sprintf.o
 .data          0x0000000000114320        0x0 obj/malloc.o
 .data          0x0000000000114320        0x0 obj/strtol.o
 .data          0x0000000000114320       0x28 obj/states.o
 .data          0x0000000000114348        0x0 obj/string.o
 .data          0x0000000000114348       0x20 obj/cons.o
 .data          0x0000000000114368        0x0 obj/input.o
 .data          0x0000000000114368        0x0 obj/drivers.o
 *fill*         0x0000000000114368       0x18 00
 .data          0x0000000000114380      0x1a0 obj/ide.o
 .data          0x0000000000114520        0x0 obj/timer.o
 .data          0x0000000000114520      0xc24 obj/ps2.o
                0x0000000000114520                keymap_spanish
                0x0000000000114b20                keymap_us_std

.data1
 *(.data1)
                0x0000000000115144                _edata = .
                0x0000000000115144                PROVIDE (edata, .)
                0x0000000000115144                __bss_start = .

.bss            0x0000000000115160     0x8500
 *(.dynbss)
 *(.bss .bss.* .gnu.linkonce.b.*)
 .bss           0x0000000000115160     0x4000 obj/kstart.o
 .bss           0x0000000000119160        0x0 obj/prodcons.o
 .bss           0x0000000000119160        0x0 obj/xfilo.o
 .bss           0x0000000000119160        0x0 obj/setkb.o
 .bss           0x0000000000119160        0x0 obj/events.o
 .bss           0x0000000000119160        0x0 obj/disk.o
 .bss           0x0000000000119160        0x0 obj/peluqueria.o
 .bss           0x0000000000119160        0x0 obj/filo.o
 .bss           0x0000000000119160        0x0 obj/afilo.o
 .bss           0x0000000000119160        0x0 obj/sfilo.o
 .bss           0x0000000000119160        0x0 obj/ts.o
 .bss           0x0000000000119160        0x0 obj/shell.o
 .bss           0x0000000000119160        0x4 obj/camino_ns.o
 .bss           0x0000000000119164        0x4 obj/camino.o
 .bss           0x0000000000119168        0x0 obj/divz.o
 .bss           0x0000000000119168        0x0 obj/test.o
 .bss           0x0000000000119168        0x0 obj/kill.o
 .bss           0x0000000000119168        0x8 obj/rtc.o
 .bss           0x0000000000119170        0x0 obj/mutex.o
 .bss           0x0000000000119170        0x0 obj/monitor.o
 .bss           0x0000000000119170        0x0 obj/sem.o
 .bss           0x0000000000119170        0x0 obj/msgqueue.o
 .bss           0x0000000000119170        0x0 obj/pipe.o
 .bss           0x0000000000119170       0x30 obj/kernel.o
 .bss           0x00000000001191a0        0x0 obj/math.o
 .bss           0x00000000001191a0        0x4 obj/libasm.o
 .bss           0x00000000001191a4        0xc obj/queue.o
 *fill*         0x00000000001191b0       0x10 00
 .bss           0x00000000001191c0      0x180 obj/gdt_idt.o
 .bss           0x0000000000119340     0x400c obj/interrupts.o
 *fill*         0x000000000011d34c       0x14 00
 .bss           0x000000000011d360       0xc0 obj/irq.o
 .bss           0x000000000011d420        0x0 obj/list_ADT.o
 .bss           0x000000000011d420        0x0 obj/io.o
 .bss           0x000000000011d420        0x0 obj/printk.o
 .bss           0x000000000011d420        0x0 obj/getch.o
 .bss           0x000000000011d420        0x0 obj/getline.o
 .bss           0x000000000011d420        0x0 obj/split.o
 .bss           0x000000000011d420        0x0 obj/atoi.o
 .bss           0x000000000011d420        0x0 obj/rand.o
 .bss           0x000000000011d420        0x0 obj/sprintf.o
 .bss           0x000000000011d420        0xc obj/malloc.o
 .bss           0x000000000011d42c        0x0 obj/strtol.o
 .bss           0x000000000011d42c        0x0 obj/states.o
 .bss           0x000000000011d42c        0x0 obj/string.o
 *fill*         0x000000000011d42c       0x14 00
 .bss           0x000000000011d440      0x104 obj/cons.o
 *fill*         0x000000000011d544       0x1c 00
 .bss           0x000000000011d560       0x7c obj/input.o
 .bss           0x000000000011d5dc        0x0 obj/drivers.o
 .bss           0x000000000011d5dc        0x0 obj/ide.o
 .bss           0x000000000011d5dc        0x0 obj/timer.o
 .bss           0x000000000011d5dc       0x54 obj/ps2.o
 *(COMMON)
 COMMON         0x000000000011d630       0x1c obj/rtc.o
                0x000000000011d630                first_alarm
                0x000000000011d634                curr_time
                0x000000000011d648                cons
 COMMON         0x000000000011d64c       0x10 obj/kernel.o
                0x000000000011d64c                TLS
                0x000000000011d650                mt_last_task
                0x000000000011d654                mt_fpu_task
                0x000000000011d658                mt_curr_task
 COMMON         0x000000000011d65c        0x4 obj/irq.o
                0x000000000011d65c                mt_int_level
                0x000000000011d660                . = ALIGN ((. != 0x0)?0x4:0x1)
                0x000000000011d660                . = ALIGN (0x4)
                0x000000000011d660                . = ALIGN (0x4)
                0x000000000011d660                _end = .
                0x000000000011d660                PROVIDE (end, .)
                0x000000000011d660                . = DATA_SEGMENT_END (.)

.stab
 *(.stab)

.stabstr
 *(.stabstr)

.stab.excl
 *(.stab.excl)

.stab.exclstr
 *(.stab.exclstr)

.stab.index
 *(.stab.index)

.stab.indexstr
 *(.stab.indexstr)

.comment        0x0000000000000000       0x4e
 *(.comment)
 .comment       0x0000000000000000       0x24 obj/prodcons.o
                                         0x25 (size before relaxing)
 .comment       0x0000000000000000       0x25 obj/xfilo.o
 .comment       0x0000000000000000       0x25 obj/setkb.o
 .comment       0x0000000000000000       0x25 obj/events.o
 .comment       0x0000000000000000       0x25 obj/disk.o
 .comment       0x0000000000000000       0x25 obj/peluqueria.o
 .comment       0x0000000000000000       0x25 obj/filo.o
 .comment       0x0000000000000000       0x25 obj/afilo.o
 .comment       0x0000000000000000       0x25 obj/sfilo.o
 .comment       0x0000000000000000       0x25 obj/ts.o
 .comment       0x0000000000000024       0x2a obj/shell.o
                                         0x2b (size before relaxing)
 .comment       0x0000000000000000       0x25 obj/camino_ns.o
 .comment       0x0000000000000000       0x25 obj/camino.o
 .comment       0x0000000000000000       0x25 obj/divz.o
 .comment       0x0000000000000000       0x25 obj/test.o
 .comment       0x0000000000000000       0x25 obj/kill.o
 .comment       0x0000000000000000       0x2b obj/rtc.o
 .comment       0x0000000000000000       0x25 obj/mutex.o
 .comment       0x0000000000000000       0x25 obj/monitor.o
 .comment       0x0000000000000000       0x25 obj/sem.o
 .comment       0x0000000000000000       0x25 obj/msgqueue.o
 .comment       0x0000000000000000       0x25 obj/pipe.o
 .comment       0x0000000000000000       0x2b obj/kernel.o
 .comment       0x0000000000000000       0x25 obj/math.o
 .comment       0x0000000000000000       0x25 obj/queue.o
 .comment       0x0000000000000000       0x25 obj/gdt_idt.o
 .comment       0x0000000000000000       0x25 obj/irq.o
 .comment       0x0000000000000000       0x2b obj/list_ADT.o
 .comment       0x0000000000000000       0x25 obj/printk.o
 .comment       0x0000000000000000       0x25 obj/getch.o
 .comment       0x0000000000000000       0x25 obj/getline.o
 .comment       0x0000000000000000       0x25 obj/split.o
 .comment       0x0000000000000000       0x25 obj/atoi.o
 .comment       0x0000000000000000       0x25 obj/rand.o
 .comment       0x0000000000000000       0x25 obj/sprintf.o
 .comment       0x0000000000000000       0x25 obj/malloc.o
 .comment       0x0000000000000000       0x25 obj/strtol.o
 .comment       0x0000000000000000       0x25 obj/states.o
 .comment       0x0000000000000000       0x25 obj/string.o
 .comment       0x0000000000000000       0x25 obj/cons.o
 .comment       0x0000000000000000       0x25 obj/input.o
 .comment       0x0000000000000000       0x25 obj/drivers.o
 .comment       0x0000000000000000       0x25 obj/ide.o
 .comment       0x0000000000000000       0x25 obj/timer.o
 .comment       0x0000000000000000       0x25 obj/ps2.o

.debug
 *(.debug)

.line
 *(.line)

.debug_srcinfo
 *(.debug_srcinfo)

.debug_sfnames
 *(.debug_sfnames)

.debug_aranges
 *(.debug_aranges)

.debug_pubnames
 *(.debug_pubnames)

.debug_info
 *(.debug_info .gnu.linkonce.wi.*)

.debug_abbrev
 *(.debug_abbrev)

.debug_line
 *(.debug_line)

.debug_frame
 *(.debug_frame)

.debug_str
 *(.debug_str)

.debug_loc
 *(.debug_loc)

.debug_macinfo
 *(.debug_macinfo)

.debug_weaknames
 *(.debug_weaknames)

.debug_funcnames
 *(.debug_funcnames)

.debug_typenames
 *(.debug_typenames)

.debug_varnames
 *(.debug_varnames)

.debug_pubtypes
 *(.debug_pubtypes)

.debug_ranges
 *(.debug_ranges)

.gnu.attributes
 *(.gnu.attributes)

/DISCARD/
 *(.note.GNU-stack)
 *(.gnu_debuglink)
 *(.gnu.lto_*)
OUTPUT(mtask elf32-i386)
