
Allocating common symbols
Common symbol       size              file

TLS                 0x4               obj/kernel.o
first_alarm         0x4               obj/rtc.o
mt_int_level        0x4               obj/irq.o
mt_last_task        0x4               obj/kernel.o
curr_time           0x14              obj/rtc.o
mt_fpu_task         0x4               obj/kernel.o
mt_curr_task        0x4               obj/kernel.o
cons                0x4               obj/rtc.o

Discarded input sections

 .note.GNU-stack
                0x0000000000000000        0x0 obj/prodcons.o
 .note.GNU-stack
                0x0000000000000000        0x0 obj/xfilo.o
 .note.GNU-stack
                0x0000000000000000        0x0 obj/setkb.o
 .note.GNU-stack
                0x0000000000000000        0x0 obj/events.o
 .note.GNU-stack
                0x0000000000000000        0x0 obj/disk.o
 .note.GNU-stack
                0x0000000000000000        0x0 obj/peluqueria.o
 .note.GNU-stack
                0x0000000000000000        0x0 obj/filo.o
 .note.GNU-stack
                0x0000000000000000        0x0 obj/afilo.o
 .note.GNU-stack
                0x0000000000000000        0x0 obj/sfilo.o
 .note.GNU-stack
                0x0000000000000000        0x0 obj/ts.o
 .note.GNU-stack
                0x0000000000000000        0x0 obj/shell.o
 .note.GNU-stack
                0x0000000000000000        0x0 obj/camino_ns.o
 .note.GNU-stack
                0x0000000000000000        0x0 obj/camino.o
 .note.GNU-stack
                0x0000000000000000        0x0 obj/divz.o
 .note.GNU-stack
                0x0000000000000000        0x0 obj/test.o
 .note.GNU-stack
                0x0000000000000000        0x0 obj/kill.o
 .note.GNU-stack
                0x0000000000000000        0x0 obj/rtc.o
 .note.GNU-stack
                0x0000000000000000        0x0 obj/mutex.o
 .note.GNU-stack
                0x0000000000000000        0x0 obj/monitor.o
 .note.GNU-stack
                0x0000000000000000        0x0 obj/sem.o
 .note.GNU-stack
                0x0000000000000000        0x0 obj/msgqueue.o
 .note.GNU-stack
                0x0000000000000000        0x0 obj/pipe.o
 .note.GNU-stack
                0x0000000000000000        0x0 obj/kernel.o
 .note.GNU-stack
                0x0000000000000000        0x0 obj/math.o
 .note.GNU-stack
                0x0000000000000000        0x0 obj/queue.o
 .note.GNU-stack
                0x0000000000000000        0x0 obj/gdt_idt.o
 .note.GNU-stack
                0x0000000000000000        0x0 obj/irq.o
 .note.GNU-stack
                0x0000000000000000        0x0 obj/list_ADT.o
 .note.GNU-stack
                0x0000000000000000        0x0 obj/printk.o
 .note.GNU-stack
                0x0000000000000000        0x0 obj/getch.o
 .note.GNU-stack
                0x0000000000000000        0x0 obj/getline.o
 .note.GNU-stack
                0x0000000000000000        0x0 obj/split.o
 .note.GNU-stack
                0x0000000000000000        0x0 obj/atoi.o
 .note.GNU-stack
                0x0000000000000000        0x0 obj/rand.o
 .note.GNU-stack
                0x0000000000000000        0x0 obj/sprintf.o
 .note.GNU-stack
                0x0000000000000000        0x0 obj/malloc.o
 .note.GNU-stack
                0x0000000000000000        0x0 obj/strtol.o
 .note.GNU-stack
                0x0000000000000000        0x0 obj/states.o
 .note.GNU-stack
                0x0000000000000000        0x0 obj/string.o
 .note.GNU-stack
                0x0000000000000000        0x0 obj/cons.o
 .note.GNU-stack
                0x0000000000000000        0x0 obj/input.o
 .note.GNU-stack
                0x0000000000000000        0x0 obj/drivers.o
 .note.GNU-stack
                0x0000000000000000        0x0 obj/ide.o
 .note.GNU-stack
                0x0000000000000000        0x0 obj/timer.o
 .note.GNU-stack
                0x0000000000000000        0x0 obj/ps2.o

Memory Configuration

Name             Origin             Length             Attributes
*default*        0x0000000000000000 0xffffffffffffffff

Linker script and memory map

Address of section .text-segment set to 0x100000
LOAD obj/kstart.o
LOAD obj/prodcons.o
LOAD obj/xfilo.o
LOAD obj/setkb.o
LOAD obj/events.o
LOAD obj/disk.o
LOAD obj/peluqueria.o
LOAD obj/filo.o
LOAD obj/afilo.o
LOAD obj/sfilo.o
LOAD obj/ts.o
LOAD obj/shell.o
LOAD obj/camino_ns.o
LOAD obj/camino.o
LOAD obj/divz.o
LOAD obj/test.o
LOAD obj/kill.o
LOAD obj/rtc.o
LOAD obj/mutex.o
LOAD obj/monitor.o
LOAD obj/sem.o
LOAD obj/msgqueue.o
LOAD obj/pipe.o
LOAD obj/kernel.o
LOAD obj/math.o
LOAD obj/libasm.o
LOAD obj/queue.o
LOAD obj/gdt_idt.o
LOAD obj/interrupts.o
LOAD obj/irq.o
LOAD obj/list_ADT.o
LOAD obj/io.o
LOAD obj/printk.o
LOAD obj/getch.o
LOAD obj/getline.o
LOAD obj/split.o
LOAD obj/atoi.o
LOAD obj/rand.o
LOAD obj/sprintf.o
LOAD obj/malloc.o
LOAD obj/strtol.o
LOAD obj/states.o
LOAD obj/string.o
LOAD obj/cons.o
LOAD obj/input.o
LOAD obj/drivers.o
LOAD obj/ide.o
LOAD obj/timer.o
LOAD obj/ps2.o
                0x0000000000100000                PROVIDE (__executable_start, 0x100000)
                0x00000000001000d4                . = (0x100000 + SIZEOF_HEADERS)

.interp
 *(.interp)

.note.gnu.build-id
                0x00000000001000d4       0x24
 *(.note.gnu.build-id)
 .note.gnu.build-id
                0x00000000001000d4       0x24 obj/kstart.o

.hash
 *(.hash)

.gnu.hash
 *(.gnu.hash)

.dynsym
 *(.dynsym)

.dynstr
 *(.dynstr)

.gnu.version
 *(.gnu.version)

.gnu.version_d
 *(.gnu.version_d)

.gnu.version_r
 *(.gnu.version_r)

.rel.dyn        0x00000000001000f8        0x0
 *(.rel.init)
 *(.rel.text .rel.text.* .rel.gnu.linkonce.t.*)
 .rel.text      0x0000000000000000        0x0 obj/kstart.o
 *(.rel.fini)
 *(.rel.rodata .rel.rodata.* .rel.gnu.linkonce.r.*)
 *(.rel.data.rel.ro* .rel.gnu.linkonce.d.rel.ro.*)
 *(.rel.data .rel.data.* .rel.gnu.linkonce.d.*)
 .rel.data      0x0000000000000000        0x0 obj/kstart.o
 *(.rel.tdata .rel.tdata.* .rel.gnu.linkonce.td.*)
 *(.rel.tbss .rel.tbss.* .rel.gnu.linkonce.tb.*)
 *(.rel.ctors)
 *(.rel.dtors)
 *(.rel.got)
 *(.rel.bss .rel.bss.* .rel.gnu.linkonce.b.*)
 *(.rel.ifunc)

.rel.plt        0x00000000001000f8        0x0
 *(.rel.plt)
                0x00000000001000f8                PROVIDE (__rel_iplt_start, .)
 *(.rel.iplt)
 .rel.iplt      0x0000000000000000        0x0 obj/kstart.o
                0x00000000001000f8                PROVIDE (__rel_iplt_end, .)

.init
 *(.init)

.plt            0x0000000000100100        0x0
 *(.plt)
 *(.iplt)
 .iplt          0x0000000000000000        0x0 obj/kstart.o

.text           0x0000000000100100     0xdb58
 *(.text.unlikely .text.*_unlikely)
 *(.text.exit .text.exit.*)
 *(.text.startup .text.startup.*)
 *(.text.hot .text.hot.*)
 *(.text .stub .text.* .gnu.linkonce.t.*)
 .text          0x0000000000100100       0x1a obj/kstart.o
                0x000000000010010c                _start
 .text          0x000000000010011a      0x571 obj/prodcons.o
                0x00000000001003d7                prodcons_main
 .text          0x000000000010068b      0x679 obj/xfilo.o
                0x0000000000100b1f                extra_phil_main
 .text          0x0000000000100d04       0xf0 obj/setkb.o
                0x0000000000100d04                setkb_main
 .text          0x0000000000100df4      0x17c obj/events.o
                0x0000000000100df4                events_main
 .text          0x0000000000100f70      0x180 obj/disk.o
                0x00000000001010c5                disk_main
 .text          0x00000000001010f0      0x840 obj/peluqueria.o
                0x0000000000101647                peluqueria_main
 .text          0x0000000000101930      0x617 obj/filo.o
                0x0000000000101d62                phil_main
 .text          0x0000000000101f47      0x5dc obj/afilo.o
                0x00000000001023b1                atomic_phil_main
 .text          0x0000000000102523      0x576 obj/sfilo.o
                0x00000000001028de                simple_phil_main
 .text          0x0000000000102a99      0x361 obj/ts.o
                0x0000000000102b4d                ts_main
 *fill*         0x0000000000102dfa        0x2 90909090
 .text          0x0000000000102dfc      0x79a obj/shell.o
                0x0000000000102f00                shell_main
 .text          0x0000000000103596      0xb13 obj/camino_ns.o
                0x0000000000103ef7                camino_ns_main
 .text          0x00000000001040a9      0x96b obj/camino.o
                0x000000000010483f                camino_main
 .text          0x0000000000104a14       0xf2 obj/divz.o
                0x0000000000104a4f                divz_main
 .text          0x0000000000104b06       0x19 obj/test.o
                0x0000000000104b06                test_main
 .text          0x0000000000104b1f      0x12a obj/kill.o
                0x0000000000104b1f                kill_main
 *fill*         0x0000000000104c49        0x3 90909090
 .text          0x0000000000104c4c      0xe93 obj/rtc.o
                0x0000000000104c4c                get_update_in_progress_flag
                0x0000000000104c79                get_RTC_register
                0x0000000000104ca0                set_RTC_register
                0x0000000000104cd5                read_rtc
                0x0000000000105025                print_date
                0x00000000001050d6                set_date
                0x000000000010521f                toBCD
                0x000000000010526c                set_time
                0x000000000010530e                calendar
                0x000000000010538b                run_calendar
                0x0000000000105551                day_of_the_week
                0x0000000000105692                first_day_month
                0x00000000001056c1                days_in_month
                0x0000000000105748                is_leap_year
                0x00000000001057b6                cron
                0x00000000001059ce                compAlarm
 .text          0x0000000000105adf      0x18e obj/mutex.o
                0x0000000000105adf                CreateMutex
                0x0000000000105b09                DeleteMutex
                0x0000000000105b42                EnterMutex
                0x0000000000105b5d                EnterMutexCond
                0x0000000000105b78                EnterMutexTimed
                0x0000000000105bf3                LeaveMutex
 .text          0x0000000000105c6d      0x336 obj/monitor.o
                0x0000000000105c6d                CreateMonitor
                0x0000000000105c97                DeleteMonitor
                0x0000000000105cd0                EnterMonitor
                0x0000000000105ceb                EnterMonitorCond
                0x0000000000105d06                EnterMonitorTimed
                0x0000000000105d7c                LeaveMonitor
                0x0000000000105dc9                CreateCondition
                0x0000000000105dfc                DeleteCondition
                0x0000000000105e35                WaitCondition
                0x0000000000105e50                WaitConditionTimed
                0x0000000000105ee1                SignalCondition
                0x0000000000105f42                BroadcastCondition
 .text          0x0000000000105fa3      0x1a7 obj/sem.o
                0x0000000000105fa3                CreateSem
                0x0000000000105fd6                DeleteSem
                0x0000000000106029                WaitSem
                0x0000000000106044                WaitSemCond
                0x000000000010605f                WaitSemTimed
                0x00000000001060c1                SignalSem
                0x0000000000106101                ValueSem
                0x000000000010610c                FlushSem
 .text          0x000000000010614a      0x33e obj/msgqueue.o
                0x000000000010614a                CreateMsgQueue
                0x0000000000106258                DeleteMsgQueue
                0x00000000001062a2                GetMsgQueue
                0x00000000001062c4                GetMsgQueueCond
                0x00000000001062e6                GetMsgQueueTimed
                0x000000000010638a                PutMsgQueue
                0x00000000001063ac                PutMsgQueueCond
                0x00000000001063ce                PutMsgQueueTimed
                0x0000000000106472                AvailMsgQueue
 .text          0x0000000000106488      0x533 obj/pipe.o
                0x0000000000106488                CreatePipe
                0x0000000000106585                DeletePipe
                0x00000000001065d0                GetPipe
                0x00000000001065f9                GetPipeCond
                0x0000000000106622                GetPipeTimed
                0x00000000001067b9                PutPipe
                0x00000000001067e2                PutPipeCond
                0x000000000010680b                PutPipeTimed
                0x00000000001069b0                AvailPipe
 *fill*         0x00000000001069bb        0x1 90909090
 .text          0x00000000001069bc     0x1967 obj/kernel.o
                0x00000000001069bc                mt_main
                0x0000000000106c87                mt_select_task
                0x00000000001070dd                CreateTask
                0x00000000001071b1                DeleteTask
                0x0000000000107259                Protect
                0x0000000000107286                Attach
                0x00000000001072fa                Detach
                0x0000000000107374                SetPriority
                0x000000000010740d                SetConsole
                0x0000000000107486                SetSaveRestore
                0x00000000001074d2                SetCleanup
                0x0000000000107508                GetInfo
                0x00000000001075df                GetTasks
                0x0000000000107647                Ready
                0x00000000001076a9                Suspend
                0x0000000000107715                CurrentTask
                0x000000000010771f                Pause
                0x0000000000107734                Yield
                0x0000000000107749                Delay
                0x00000000001077c5                UDelay
                0x00000000001077f1                Join
                0x0000000000107813                JoinCond
                0x0000000000107835                JoinTimed
                0x0000000000107952                Exit
                0x0000000000107af2                Panic
                0x0000000000107b9a                Atomic
                0x0000000000107bad                Unatomic
                0x0000000000107bf5                SetInts
                0x0000000000107c27                CreateQueue
                0x0000000000107c51                DeleteQueue
                0x0000000000107c84                WaitQueue
                0x0000000000107c9f                WaitQueueTimed
                0x0000000000107d2d                SignalQueue
                0x0000000000107d7e                FlushQueue
                0x0000000000107ddc                Send
                0x0000000000107e05                SendCond
                0x0000000000107e2e                SendTimed
                0x0000000000107fb6                Receive
                0x0000000000107fdf                ReceiveCond
                0x0000000000108008                ReceiveTimed
                0x000000000010820e                GetName
                0x0000000000108225                Time
                0x0000000000108245                Malloc
                0x0000000000108299                StrDup
                0x00000000001082fd                Free
 .text          0x0000000000108323       0x95 obj/math.o
                0x000000000010839c                mt_setup_math
 .text          0x00000000001083b8       0x70 obj/libasm.o
                0x00000000001083b8                mt_load_gdt
                0x00000000001083d5                mt_load_idt
                0x00000000001083dd                mt_context_switch
                0x00000000001083fe                mt_sti
                0x0000000000108400                mt_cli
                0x0000000000108402                mt_flags
                0x0000000000108405                mt_finit
                0x0000000000108409                mt_fsave
                0x0000000000108411                mt_frstor
                0x0000000000108419                mt_stts
                0x0000000000108423                mt_clts
                0x0000000000108426                mt_hlt
 .text          0x0000000000108428      0x3f6 obj/queue.o
                0x0000000000108428                mt_enqueue
                0x000000000010850e                mt_dequeue
                0x0000000000108595                mt_peeklast
                0x00000000001085a0                mt_getlast
                0x0000000000108610                mt_enqueue_time
                0x000000000010870e                mt_dequeue_time
                0x00000000001087a8                mt_peekfirst_time
                0x00000000001087b2                mt_getfirst_time
 .text          0x000000000010881e       0xfb obj/gdt_idt.o
                0x0000000000108907                mt_setup_gdt_idt
 *fill*         0x0000000000108919        0x7 90909090
 .text          0x0000000000108920      0x356 obj/interrupts.o
                0x0000000000108920                mt_int_stubs
 .text          0x0000000000108c76      0x369 obj/irq.o
                0x0000000000108dd9                mt_int_handler
                0x0000000000108e34                mt_setup_interrupts
                0x0000000000108e83                mt_set_int_handler
                0x0000000000108ea2                mt_set_exception_handler
                0x0000000000108ec1                mt_disable_irq
                0x0000000000108f4e                mt_enable_irq
 *fill*         0x0000000000108fdf        0x1 90909090
 .text          0x0000000000108fe0      0x3b0 obj/list_ADT.o
                0x0000000000108fe0                NewList
                0x0000000000109033                ListIsEmpty
                0x0000000000109046                ToBegin
                0x0000000000109057                NextElement
                0x00000000001090c1                ElementBelongs
                0x0000000000109211                Insert
                0x00000000001092fd                Delete
                0x000000000010933a                Size
                0x0000000000109345                FreeList
 .text          0x0000000000109390       0x48 obj/io.o
                0x0000000000109390                inb
                0x000000000010939b                outb
                0x00000000001093a8                inw
                0x00000000001093b4                outw
                0x00000000001093c2                inl
                0x00000000001093cb                outl
 .text          0x00000000001093d8      0x15a obj/printk.o
                0x00000000001093d8                vprintk
                0x000000000010944f                printk
                0x000000000010947f                print0
                0x00000000001094d2                cprintk
 .text          0x0000000000109532       0x76 obj/getch.o
                0x0000000000109532                getch
                0x0000000000109557                getch_cond
                0x000000000010957c                getch_timed
 .text          0x00000000001095a8      0x209 obj/getline.o
                0x00000000001095f5                getline
 .text          0x00000000001097b1      0x34e obj/split.o
                0x0000000000109806                setfs
                0x000000000010982e                split
                0x00000000001099db                separate
 .text          0x0000000000109aff       0xa1 obj/atoi.o
                0x0000000000109aff                atoi
 .text          0x0000000000109ba0       0xae obj/rand.o
                0x0000000000109c2d                rand
                0x0000000000109c41                srand
 .text          0x0000000000109c4e     0x1582 obj/sprintf.o
                0x0000000000109f3a                ecvtbuf
                0x0000000000109f7d                fcvtbuf
                0x000000000010ac80                vsprintf
                0x000000000010b1a3                sprintf
 .text          0x000000000010b1d0      0x1e3 obj/malloc.o
                0x000000000010b1d0                mt_setup_heap
                0x000000000010b232                free
                0x000000000010b313                malloc
 .text          0x000000000010b3b3      0x471 obj/strtol.o
                0x000000000010b463                strtol
                0x000000000010b652                strtoul
 .text          0x000000000010b824       0x20 obj/states.o
                0x000000000010b824                statename
 .text          0x000000000010b844      0x36a obj/string.o
                0x000000000010b844                strcpy
                0x000000000010b877                strncpy
                0x000000000010b8b9                strcat
                0x000000000010b8fe                strncat
                0x000000000010b94c                strcmp
                0x000000000010b989                strncmp
                0x000000000010b9d1                strchr
                0x000000000010ba04                strrchr
                0x000000000010ba3f                strlen
                0x000000000010ba6b                strnlen
                0x000000000010ba99                memcpy
                0x000000000010bade                memmove
                0x000000000010bb4b                memchr
                0x000000000010bb89                memset
 .text          0x000000000010bbae      0x9b5 obj/cons.o
                0x000000000010bfa5                mt_cons_init
                0x000000000010bfff                mt_cons_clear
                0x000000000010c066                mt_cons_clreol
                0x000000000010c0ec                mt_cons_clreom
                0x000000000010c160                mt_cons_nrows
                0x000000000010c16a                mt_cons_ncols
                0x000000000010c174                mt_cons_nscrolls
                0x000000000010c181                mt_cons_getxy
                0x000000000010c1bd                mt_cons_gotoxy
                0x000000000010c206                mt_cons_setattr
                0x000000000010c229                mt_cons_getattr
                0x000000000010c275                mt_cons_cursor
                0x000000000010c2ba                mt_cons_putc
                0x000000000010c357                mt_cons_puts
                0x000000000010c39c                mt_cons_cr
                0x000000000010c3cf                mt_cons_nl
                0x000000000010c418                mt_cons_tab
                0x000000000010c46c                mt_cons_bs
                0x000000000010c4d5                mt_cons_raw
                0x000000000010c510                mt_cons_setfocus
                0x000000000010c52f                mt_cons_setcurrent
                0x000000000010c541                mt_cons_set0
 .text          0x000000000010c563      0x2c2 obj/input.o
                0x000000000010c563                mt_input_init
                0x000000000010c62b                mt_input_put
                0x000000000010c647                mt_input_get
                0x000000000010c663                mt_input_get_cond
                0x000000000010c67f                mt_input_get_timed
                0x000000000010c6a2                mt_kbd_putch
                0x000000000010c6c4                mt_kbd_puts
                0x000000000010c72c                mt_kbd_getch
                0x000000000010c748                mt_kbd_getch_cond
                0x000000000010c764                mt_kbd_getch_timed
                0x000000000010c787                mt_input_setfocus
                0x000000000010c7da                mt_input_setcurrent
 .text          0x000000000010c825       0x1c obj/drivers.o
                0x000000000010c825                mt_init_drivers
 .text          0x000000000010c841      0xb10 obj/ide.o
                0x000000000010d17d                mt_ide_init
                0x000000000010d26b                mt_ide_read
                0x000000000010d29b                mt_ide_write
                0x000000000010d2cb                mt_ide_model
                0x000000000010d30e                mt_ide_capacity
 .text          0x000000000010d351       0x63 obj/timer.o
                0x000000000010d351                mt_setup_timer
 .text          0x000000000010d3b4      0x8a4 obj/ps2.o
                0x000000000010dab1                mt_ps2_init
                0x000000000010dbe3                mt_ps2_getlayout
                0x000000000010dbed                mt_ps2_setlayout
                0x000000000010dc4e                mt_ps2_layouts
 *(.gnu.warning)

.fini
 *(.fini)
                0x000000000010dc58                PROVIDE (__etext, .)
                0x000000000010dc58                PROVIDE (_etext, .)
                0x000000000010dc58                PROVIDE (etext, .)

.rodata         0x000000000010dc58     0x1189
 *(.rodata .rodata.* .gnu.linkonce.r.*)
 .rodata        0x000000000010dc58       0xac obj/prodcons.o
 .rodata        0x000000000010dd04       0x69 obj/xfilo.o
 *fill*         0x000000000010dd6d        0x3 00
 .rodata        0x000000000010dd70       0x62 obj/setkb.o
 .rodata        0x000000000010ddd2       0x69 obj/events.o
 *fill*         0x000000000010de3b        0x1 00
 .rodata        0x000000000010de3c       0xe6 obj/disk.o
 *fill*         0x000000000010df22        0x2 00
 .rodata        0x000000000010df24      0x157 obj/peluqueria.o
 *fill*         0x000000000010e07b        0x1 00
 .rodata        0x000000000010e07c       0x69 obj/filo.o
 *fill*         0x000000000010e0e5        0x3 00
 .rodata        0x000000000010e0e8       0x57 obj/afilo.o
 *fill*         0x000000000010e13f        0x1 00
 .rodata        0x000000000010e140       0x69 obj/sfilo.o
 *fill*         0x000000000010e1a9        0x3 00
 .rodata        0x000000000010e1ac       0xde obj/ts.o
 *fill*         0x000000000010e28a        0x2 00
 .rodata        0x000000000010e28c      0x190 obj/shell.o
 .rodata        0x000000000010e41c       0xa0 obj/camino_ns.o
 .rodata        0x000000000010e4bc       0x88 obj/camino.o
 .rodata        0x000000000010e544       0x6b obj/divz.o
 .rodata        0x000000000010e5af        0xc obj/test.o
 .rodata        0x000000000010e5bb       0x4b obj/kill.o
 *fill*         0x000000000010e606        0x2 00
 .rodata        0x000000000010e608      0x11f obj/rtc.o
 *fill*         0x000000000010e727        0x1 00
 .rodata        0x000000000010e728       0x2a obj/mutex.o
 *fill*         0x000000000010e752        0x2 00
 .rodata        0x000000000010e754      0x10b obj/monitor.o
 *fill*         0x000000000010e85f        0x1 00
 .rodata        0x000000000010e860       0x32 obj/msgqueue.o
 .rodata        0x000000000010e892        0xe obj/pipe.o
 .rodata        0x000000000010e8a0      0x286 obj/kernel.o
 *fill*         0x000000000010eb26        0x2 00
 .rodata        0x000000000010eb28       0x3f obj/irq.o
 .rodata        0x000000000010eb67       0x1d obj/list_ADT.o
 .rodata        0x000000000010eb84        0xf obj/getline.o
 .rodata        0x000000000010eb93        0x1 obj/split.o
 *fill*         0x000000000010eb94        0x4 00
 .rodata        0x000000000010eb98      0x188 obj/sprintf.o
 .rodata        0x000000000010ed20       0x50 obj/states.o
 .rodata        0x000000000010ed70       0x1e obj/input.o
 .rodata        0x000000000010ed8e       0x1e obj/ide.o
 .rodata        0x000000000010edac       0x35 obj/ps2.o

.rodata1
 *(.rodata1)

.eh_frame_hdr   0x000000000010ede4      0xc8c
 *(.eh_frame_hdr)
 .eh_frame_hdr  0x000000000010ede4      0xc8c obj/prodcons.o

.eh_frame       0x000000000010fa70     0x33f4
 *(.eh_frame)
 .eh_frame      0x000000000010fa70      0x134 obj/prodcons.o
 .eh_frame      0x000000000010fba4      0x19c obj/xfilo.o
                                        0x1b4 (size before relaxing)
 .eh_frame      0x000000000010fd40       0x20 obj/setkb.o
                                         0x38 (size before relaxing)
 .eh_frame      0x000000000010fd60       0x28 obj/events.o
                                         0x40 (size before relaxing)
 .eh_frame      0x000000000010fd88       0x40 obj/disk.o
                                         0x58 (size before relaxing)
 .eh_frame      0x000000000010fdc8      0x1a4 obj/peluqueria.o
                                        0x1bc (size before relaxing)
 .eh_frame      0x000000000010ff6c      0x19c obj/filo.o
                                        0x1b4 (size before relaxing)
 .eh_frame      0x0000000000110108      0x19c obj/afilo.o
                                        0x1b4 (size before relaxing)
 .eh_frame      0x00000000001102a4      0x178 obj/sfilo.o
                                        0x190 (size before relaxing)
 .eh_frame      0x000000000011041c       0x6c obj/ts.o
                                         0x84 (size before relaxing)
 .eh_frame      0x0000000000110488       0xa8 obj/shell.o
                                         0xc0 (size before relaxing)
 .eh_frame      0x0000000000110530      0x1a8 obj/camino_ns.o
                                        0x1c0 (size before relaxing)
 .eh_frame      0x00000000001106d8      0x1e8 obj/camino.o
                                        0x200 (size before relaxing)
 .eh_frame      0x00000000001108c0       0x60 obj/divz.o
                                         0x78 (size before relaxing)
 .eh_frame      0x0000000000110920       0x20 obj/test.o
                                         0x38 (size before relaxing)
 .eh_frame      0x0000000000110940       0x20 obj/kill.o
                                         0x38 (size before relaxing)
 .eh_frame      0x0000000000110960      0x228 obj/rtc.o
                                        0x240 (size before relaxing)
 .eh_frame      0x0000000000110b88       0xc0 obj/mutex.o
                                         0xd8 (size before relaxing)
 .eh_frame      0x0000000000110c48      0x18c obj/monitor.o
                                        0x1a4 (size before relaxing)
 .eh_frame      0x0000000000110dd4      0x100 obj/sem.o
                                        0x118 (size before relaxing)
 .eh_frame      0x0000000000110ed4      0x120 obj/msgqueue.o
                                        0x138 (size before relaxing)
 .eh_frame      0x0000000000110ff4      0x130 obj/pipe.o
                                        0x148 (size before relaxing)
 .eh_frame      0x0000000000111124      0x758 obj/kernel.o
                                        0x770 (size before relaxing)
 .eh_frame      0x000000000011187c       0x44 obj/math.o
                                         0x5c (size before relaxing)
 .eh_frame      0x00000000001118c0      0x100 obj/queue.o
                                        0x118 (size before relaxing)
 .eh_frame      0x00000000001119c0       0x60 obj/gdt_idt.o
                                         0x78 (size before relaxing)
 .eh_frame      0x0000000000111a20      0x148 obj/irq.o
                                        0x160 (size before relaxing)
 .eh_frame      0x0000000000111b68      0x164 obj/list_ADT.o
                                        0x17c (size before relaxing)
 .eh_frame      0x0000000000111ccc       0x80 obj/printk.o
                                         0x98 (size before relaxing)
 .eh_frame      0x0000000000111d4c       0x60 obj/getch.o
                                         0x78 (size before relaxing)
 .eh_frame      0x0000000000111dac       0x40 obj/getline.o
                                         0x58 (size before relaxing)
 .eh_frame      0x0000000000111dec       0xc0 obj/split.o
                                         0xd8 (size before relaxing)
 .eh_frame      0x0000000000111eac       0x20 obj/atoi.o
                                         0x38 (size before relaxing)
 .eh_frame      0x0000000000111ecc       0x60 obj/rand.o
                                         0x78 (size before relaxing)
 .eh_frame      0x0000000000111f2c      0x1ec obj/sprintf.o
                                        0x204 (size before relaxing)
 .eh_frame      0x0000000000112118       0x60 obj/malloc.o
                                         0x78 (size before relaxing)
 .eh_frame      0x0000000000112178       0xe0 obj/strtol.o
                                         0xf8 (size before relaxing)
 .eh_frame      0x0000000000112258       0x20 obj/states.o
                                         0x38 (size before relaxing)
 .eh_frame      0x0000000000112278      0x244 obj/string.o
                                        0x25c (size before relaxing)
 .eh_frame      0x00000000001124bc      0x408 obj/cons.o
                                        0x420 (size before relaxing)
 .eh_frame      0x00000000001128c4      0x180 obj/input.o
                                        0x198 (size before relaxing)
 .eh_frame      0x0000000000112a44       0x20 obj/drivers.o
                                         0x38 (size before relaxing)
 .eh_frame      0x0000000000112a64      0x1e8 obj/ide.o
                                        0x200 (size before relaxing)
 .eh_frame      0x0000000000112c4c       0x20 obj/timer.o
                                         0x38 (size before relaxing)
 .eh_frame      0x0000000000112c6c      0x1f8 obj/ps2.o
                                        0x210 (size before relaxing)

.gcc_except_table
 *(.gcc_except_table .gcc_except_table.*)

.exception_ranges
 *(.exception_ranges .exception_ranges*)
                0x0000000000112e64                . = (ALIGN (0x1000) - ((0x1000 - .) & 0xfff))
                0x0000000000113ff4                . = DATA_SEGMENT_ALIGN (0x1000, 0x1000)

.eh_frame
 *(.eh_frame)

.gcc_except_table
 *(.gcc_except_table .gcc_except_table.*)

.exception_ranges
 *(.exception_ranges .exception_ranges*)

.tdata
 *(.tdata .tdata.* .gnu.linkonce.td.*)

.tbss
 *(.tbss .tbss.* .gnu.linkonce.tb.*)
 *(.tcommon)

.preinit_array  0x0000000000113ff4        0x0
                0x0000000000113ff4                PROVIDE (__preinit_array_start, .)
 *(.preinit_array)
                0x0000000000113ff4                PROVIDE (__preinit_array_end, .)

.init_array     0x0000000000113ff4        0x0
                0x0000000000113ff4                PROVIDE (__init_array_start, .)
 *(SORT(.init_array.*) SORT(.ctors.*))
 *(.init_array)
 *(EXCLUDE_FILE(*crtend?.o *crtend.o *crtbegin?.o *crtbegin.o) .ctors)
                0x0000000000113ff4                PROVIDE (__init_array_end, .)

.fini_array     0x0000000000113ff4        0x0
                0x0000000000113ff4                PROVIDE (__fini_array_start, .)
 *(SORT(.fini_array.*) SORT(.dtors.*))
 *(.fini_array)
 *(EXCLUDE_FILE(*crtend?.o *crtend.o *crtbegin?.o *crtbegin.o) .dtors)
                0x0000000000113ff4                PROVIDE (__fini_array_end, .)

.ctors
 *crtbegin.o(.ctors)
 *crtbegin?.o(.ctors)
 *(EXCLUDE_FILE(*crtend?.o *crtend.o) .ctors)
 *(SORT(.ctors.*))
 *(.ctors)

.dtors
 *crtbegin.o(.dtors)
 *crtbegin?.o(.dtors)
 *(EXCLUDE_FILE(*crtend?.o *crtend.o) .dtors)
 *(SORT(.dtors.*))
 *(.dtors)

.jcr
 *(.jcr)

.data.rel.ro
 *(.data.rel.ro.local* .gnu.linkonce.d.rel.ro.local.*)
 *(.data.rel.ro* .gnu.linkonce.d.rel.ro.*)

.dynamic
 *(.dynamic)

.got
 *(.got)
 *(.igot)
                0x0000000000113ff4                . = DATA_SEGMENT_RELRO_END (., 0xc)

.got.plt        0x0000000000113ff4        0x0
 *(.got.plt)
 *(.igot.plt)
 .igot.plt      0x0000000000000000        0x0 obj/kstart.o

.data           0x0000000000114000     0x1144
 *(.data .data.* .gnu.linkonce.d.*)
 .data          0x0000000000114000        0x0 obj/kstart.o
 .data          0x0000000000114000        0x0 obj/prodcons.o
 .data          0x0000000000114000       0x50 obj/xfilo.o
 .data          0x0000000000114050        0x0 obj/setkb.o
 .data          0x0000000000114050        0x0 obj/events.o
 .data          0x0000000000114050        0x0 obj/disk.o
 .data          0x0000000000114050        0x0 obj/peluqueria.o
 *fill*         0x0000000000114050       0x10 00
 .data          0x0000000000114060       0x50 obj/filo.o
 *fill*         0x00000000001140b0       0x10 00
 .data          0x00000000001140c0       0x50 obj/afilo.o
 *fill*         0x0000000000114110       0x10 00
 .data          0x0000000000114120       0x50 obj/sfilo.o
 .data          0x0000000000114170        0x8 obj/ts.o
 *fill*         0x0000000000114178        0x8 00
 .data          0x0000000000114180       0xfc obj/shell.o
 .data          0x000000000011427c        0x4 obj/camino_ns.o
 .data          0x0000000000114280        0x4 obj/camino.o
 .data          0x0000000000114284        0x0 obj/divz.o
 .data          0x0000000000114284        0x0 obj/test.o
 .data          0x0000000000114284        0x0 obj/kill.o
 *fill*         0x0000000000114284       0x1c 00
 .data          0x00000000001142a0       0x50 obj/rtc.o
                0x00000000001142a0                first
                0x00000000001142a4                _days
                0x00000000001142c0                _months
 .data          0x00000000001142f0        0x0 obj/mutex.o
 .data          0x00000000001142f0        0x0 obj/monitor.o
 .data          0x00000000001142f0        0x0 obj/sem.o
 .data          0x00000000001142f0        0x0 obj/msgqueue.o
 .data          0x00000000001142f0        0x0 obj/pipe.o
 .data          0x00000000001142f0        0x0 obj/kernel.o
 .data          0x00000000001142f0        0x0 obj/math.o
 .data          0x00000000001142f0        0x0 obj/libasm.o
 .data          0x00000000001142f0        0x0 obj/queue.o
 .data          0x00000000001142f0       0x18 obj/gdt_idt.o
 .data          0x0000000000114308        0x0 obj/interrupts.o
 .data          0x0000000000114308        0x0 obj/irq.o
 .data          0x0000000000114308        0x0 obj/list_ADT.o
 .data          0x0000000000114308        0x0 obj/io.o
 .data          0x0000000000114308        0x0 obj/printk.o
 .data          0x0000000000114308        0x0 obj/getch.o
 .data          0x0000000000114308        0x0 obj/getline.o
 .data          0x0000000000114308        0xc obj/split.o
 .data          0x0000000000114314        0x0 obj/atoi.o
 .data          0x0000000000114314        0x4 obj/rand.o
 .data          0x0000000000114318        0x8 obj/sprintf.o
 .data          0x0000000000114320        0x0 obj/malloc.o
 .data          0x0000000000114320        0x0 obj/strtol.o
 .data          0x0000000000114320       0x28 obj/states.o
 .data          0x0000000000114348        0x0 obj/string.o
 .data          0x0000000000114348       0x20 obj/cons.o
 .data          0x0000000000114368        0x0 obj/input.o
 .data          0x0000000000114368        0x0 obj/drivers.o
 *fill*         0x0000000000114368       0x18 00
 .data          0x0000000000114380      0x1a0 obj/ide.o
 .data          0x0000000000114520        0x0 obj/timer.o
 .data          0x0000000000114520      0xc24 obj/ps2.o
                0x0000000000114520                keymap_spanish
                0x0000000000114b20                keymap_us_std

.data1
 *(.data1)
                0x0000000000115144                _edata = .
                0x0000000000115144                PROVIDE (edata, .)
                0x0000000000115144                __bss_start = .

.bss            0x0000000000115160     0x8500
 *(.dynbss)
 *(.bss .bss.* .gnu.linkonce.b.*)
 .bss           0x0000000000115160     0x4000 obj/kstart.o
 .bss           0x0000000000119160        0x0 obj/prodcons.o
 .bss           0x0000000000119160        0x0 obj/xfilo.o
 .bss           0x0000000000119160        0x0 obj/setkb.o
 .bss           0x0000000000119160        0x0 obj/events.o
 .bss           0x0000000000119160        0x0 obj/disk.o
 .bss           0x0000000000119160        0x0 obj/peluqueria.o
 .bss           0x0000000000119160        0x0 obj/filo.o
 .bss           0x0000000000119160        0x0 obj/afilo.o
 .bss           0x0000000000119160        0x0 obj/sfilo.o
 .bss           0x0000000000119160        0x0 obj/ts.o
 .bss           0x0000000000119160        0x0 obj/shell.o
 .bss           0x0000000000119160        0x4 obj/camino_ns.o
 .bss           0x0000000000119164        0x4 obj/camino.o
 .bss           0x0000000000119168        0x0 obj/divz.o
 .bss           0x0000000000119168        0x0 obj/test.o
 .bss           0x0000000000119168        0x0 obj/kill.o
 .bss           0x0000000000119168        0x8 obj/rtc.o
 .bss           0x0000000000119170        0x0 obj/mutex.o
 .bss           0x0000000000119170        0x0 obj/monitor.o
 .bss           0x0000000000119170        0x0 obj/sem.o
 .bss           0x0000000000119170        0x0 obj/msgqueue.o
 .bss           0x0000000000119170        0x0 obj/pipe.o
 .bss           0x0000000000119170       0x30 obj/kernel.o
 .bss           0x00000000001191a0        0x0 obj/math.o
 .bss           0x00000000001191a0        0x4 obj/libasm.o
 .bss           0x00000000001191a4        0xc obj/queue.o
 *fill*         0x00000000001191b0       0x10 00
 .bss           0x00000000001191c0      0x180 obj/gdt_idt.o
 .bss           0x0000000000119340     0x400c obj/interrupts.o
 *fill*         0x000000000011d34c       0x14 00
 .bss           0x000000000011d360       0xc0 obj/irq.o
 .bss           0x000000000011d420        0x0 obj/list_ADT.o
 .bss           0x000000000011d420        0x0 obj/io.o
 .bss           0x000000000011d420        0x0 obj/printk.o
 .bss           0x000000000011d420        0x0 obj/getch.o
 .bss           0x000000000011d420        0x0 obj/getline.o
 .bss           0x000000000011d420        0x0 obj/split.o
 .bss           0x000000000011d420        0x0 obj/atoi.o
 .bss           0x000000000011d420        0x0 obj/rand.o
 .bss           0x000000000011d420        0x0 obj/sprintf.o
 .bss           0x000000000011d420        0xc obj/malloc.o
 .bss           0x000000000011d42c        0x0 obj/strtol.o
 .bss           0x000000000011d42c        0x0 obj/states.o
 .bss           0x000000000011d42c        0x0 obj/string.o
 *fill*         0x000000000011d42c       0x14 00
 .bss           0x000000000011d440      0x104 obj/cons.o
 *fill*         0x000000000011d544       0x1c 00
 .bss           0x000000000011d560       0x7c obj/input.o
 .bss           0x000000000011d5dc        0x0 obj/drivers.o
 .bss           0x000000000011d5dc        0x0 obj/ide.o
 .bss           0x000000000011d5dc        0x0 obj/timer.o
 .bss           0x000000000011d5dc       0x54 obj/ps2.o
 *(COMMON)
 COMMON         0x000000000011d630       0x1c obj/rtc.o
                0x000000000011d630                first_alarm
                0x000000000011d634                curr_time
                0x000000000011d648                cons
 COMMON         0x000000000011d64c       0x10 obj/kernel.o
                0x000000000011d64c                TLS
                0x000000000011d650                mt_last_task
                0x000000000011d654                mt_fpu_task
                0x000000000011d658                mt_curr_task
 COMMON         0x000000000011d65c        0x4 obj/irq.o
                0x000000000011d65c                mt_int_level
                0x000000000011d660                . = ALIGN ((. != 0x0)?0x4:0x1)
                0x000000000011d660                . = ALIGN (0x4)
                0x000000000011d660                . = ALIGN (0x4)
                0x000000000011d660                _end = .
                0x000000000011d660                PROVIDE (end, .)
                0x000000000011d660                . = DATA_SEGMENT_END (.)

.stab
 *(.stab)

.stabstr
 *(.stabstr)

.stab.excl
 *(.stab.excl)

.stab.exclstr
 *(.stab.exclstr)

.stab.index
 *(.stab.index)

.stab.indexstr
 *(.stab.indexstr)

.comment        0x0000000000000000       0x4e
 *(.comment)
 .comment       0x0000000000000000       0x24 obj/prodcons.o
                                         0x25 (size before relaxing)
 .comment       0x0000000000000000       0x25 obj/xfilo.o
 .comment       0x0000000000000000       0x25 obj/setkb.o
 .comment       0x0000000000000000       0x25 obj/events.o
 .comment       0x0000000000000000       0x25 obj/disk.o
 .comment       0x0000000000000000       0x25 obj/peluqueria.o
 .comment       0x0000000000000000       0x25 obj/filo.o
 .comment       0x0000000000000000       0x25 obj/afilo.o
 .comment       0x0000000000000000       0x25 obj/sfilo.o
 .comment       0x0000000000000000       0x25 obj/ts.o
 .comment       0x0000000000000024       0x2a obj/shell.o
                                         0x2b (size before relaxing)
 .comment       0x0000000000000000       0x25 obj/camino_ns.o
 .comment       0x0000000000000000       0x25 obj/camino.o
 .comment       0x0000000000000000       0x25 obj/divz.o
 .comment       0x0000000000000000       0x25 obj/test.o
 .comment       0x0000000000000000       0x25 obj/kill.o
 .comment       0x0000000000000000       0x2b obj/rtc.o
 .comment       0x0000000000000000       0x25 obj/mutex.o
 .comment       0x0000000000000000       0x25 obj/monitor.o
 .comment       0x0000000000000000       0x25 obj/sem.o
 .comment       0x0000000000000000       0x25 obj/msgqueue.o
 .comment       0x0000000000000000       0x25 obj/pipe.o
 .comment       0x0000000000000000       0x2b obj/kernel.o
 .comment       0x0000000000000000       0x25 obj/math.o
 .comment       0x0000000000000000       0x25 obj/queue.o
 .comment       0x0000000000000000       0x25 obj/gdt_idt.o
 .comment       0x0000000000000000       0x25 obj/irq.o
 .comment       0x0000000000000000       0x2b obj/list_ADT.o
 .comment       0x0000000000000000       0x25 obj/printk.o
 .comment       0x0000000000000000       0x25 obj/getch.o
 .comment       0x0000000000000000       0x25 obj/getline.o
 .comment       0x0000000000000000       0x25 obj/split.o
 .comment       0x0000000000000000       0x25 obj/atoi.o
 .comment       0x0000000000000000       0x25 obj/rand.o
 .comment       0x0000000000000000       0x25 obj/sprintf.o
 .comment       0x0000000000000000       0x25 obj/malloc.o
 .comment       0x0000000000000000       0x25 obj/strtol.o
 .comment       0x0000000000000000       0x25 obj/states.o
 .comment       0x0000000000000000       0x25 obj/string.o
 .comment       0x0000000000000000       0x25 obj/cons.o
 .comment       0x0000000000000000       0x25 obj/input.o
 .comment       0x0000000000000000       0x25 obj/drivers.o
 .comment       0x0000000000000000       0x25 obj/ide.o
 .comment       0x0000000000000000       0x25 obj/timer.o
 .comment       0x0000000000000000       0x25 obj/ps2.o

.debug
 *(.debug)

.line
 *(.line)

.debug_srcinfo
 *(.debug_srcinfo)

.debug_sfnames
 *(.debug_sfnames)

.debug_aranges
 *(.debug_aranges)

.debug_pubnames
 *(.debug_pubnames)

.debug_info
 *(.debug_info .gnu.linkonce.wi.*)

.debug_abbrev
 *(.debug_abbrev)

.debug_line
 *(.debug_line)

.debug_frame
 *(.debug_frame)

.debug_str
 *(.debug_str)

.debug_loc
 *(.debug_loc)

.debug_macinfo
 *(.debug_macinfo)

.debug_weaknames
 *(.debug_weaknames)

.debug_funcnames
 *(.debug_funcnames)

.debug_typenames
 *(.debug_typenames)

.debug_varnames
 *(.debug_varnames)

.debug_pubtypes
 *(.debug_pubtypes)

.debug_ranges
 *(.debug_ranges)

.gnu.attributes
 *(.gnu.attributes)

/DISCARD/
 *(.note.GNU-stack)
 *(.gnu_debuglink)
 *(.gnu.lto_*)
OUTPUT(mtask elf32-i386)
